[0.041s] DEBUG:colcon:Command line arguments: ['/usr/bin/colcon', 'build', '--symlink-install', '--packages-select', 'gazebo_prep']
[0.041s] DEBUG:colcon:Parsed command line arguments: Namespace(log_base=None, log_level=None, verb_name='build', build_base='build', install_base='install', merge_install=False, symlink_install=True, test_result_base=None, continue_on_error=False, executor='parallel', parallel_workers=32, event_handlers=None, ignore_user_meta=False, metas=['./colcon.meta'], base_paths=['.'], packages_ignore=None, packages_ignore_regex=None, paths=None, packages_up_to=None, packages_up_to_regex=None, packages_above=None, packages_above_and_dependencies=None, packages_above_depth=None, packages_select_by_dep=None, packages_skip_by_dep=None, packages_skip_up_to=None, packages_select_build_failed=False, packages_skip_build_finished=False, packages_select_test_failures=False, packages_skip_test_passed=False, packages_select=['gazebo_prep'], packages_skip=None, packages_select_regex=None, packages_skip_regex=None, packages_start=None, packages_end=None, allow_overriding=[], cmake_args=None, cmake_target=None, cmake_target_skip_unavailable=False, cmake_clean_cache=False, cmake_clean_first=False, cmake_force_configure=False, ament_cmake_args=None, catkin_cmake_args=None, catkin_skip_building_tests=False, mixin_files=None, mixin=None, verb_parser=<colcon_mixin.mixin.mixin_argument.MixinArgumentDecorator object at 0x78f14e861ff0>, verb_extension=<colcon_core.verb.build.BuildVerb object at 0x78f14e95b280>, main=<bound method BuildVerb.main of <colcon_core.verb.build.BuildVerb object at 0x78f14e95b280>>, mixin_verb=('build',))
[0.098s] Level 1:colcon.colcon_core.package_discovery:discover_packages(colcon_meta) check parameters
[0.098s] Level 1:colcon.colcon_core.package_discovery:discover_packages(recursive) check parameters
[0.098s] Level 1:colcon.colcon_core.package_discovery:discover_packages(ignore) check parameters
[0.098s] Level 1:colcon.colcon_core.package_discovery:discover_packages(path) check parameters
[0.098s] Level 1:colcon.colcon_core.package_discovery:discover_packages(colcon_meta) discover
[0.098s] Level 1:colcon.colcon_core.package_discovery:discover_packages(recursive) discover
[0.098s] INFO:colcon.colcon_core.package_discovery:Crawling recursively for packages in '/home/coooper/Documents/biped/Bipedal-URDF/Gazebo Humble'
[0.099s] Level 1:colcon.colcon_core.package_identification:_identify(.) by extensions ['ignore', 'ignore_ament_install']
[0.099s] Level 1:colcon.colcon_core.package_identification:_identify(.) by extension 'ignore'
[0.099s] Level 1:colcon.colcon_core.package_identification:_identify(.) by extension 'ignore_ament_install'
[0.099s] Level 1:colcon.colcon_core.package_identification:_identify(.) by extensions ['colcon_pkg']
[0.099s] Level 1:colcon.colcon_core.package_identification:_identify(.) by extension 'colcon_pkg'
[0.099s] Level 1:colcon.colcon_core.package_identification:_identify(.) by extensions ['colcon_meta']
[0.099s] Level 1:colcon.colcon_core.package_identification:_identify(.) by extension 'colcon_meta'
[0.099s] Level 1:colcon.colcon_core.package_identification:_identify(.) by extensions ['ros']
[0.099s] Level 1:colcon.colcon_core.package_identification:_identify(.) by extension 'ros'
[0.103s] Level 1:colcon.colcon_core.package_identification:_identify(.) by extensions ['cmake', 'python']
[0.103s] Level 1:colcon.colcon_core.package_identification:_identify(.) by extension 'cmake'
[0.103s] Level 1:colcon.colcon_core.package_identification:_identify(.) by extension 'python'
[0.103s] Level 1:colcon.colcon_core.package_identification:_identify(.) by extensions ['python_setup_py']
[0.103s] Level 1:colcon.colcon_core.package_identification:_identify(.) by extension 'python_setup_py'
[0.103s] Level 1:colcon.colcon_core.package_identification:_identify(build) by extensions ['ignore', 'ignore_ament_install']
[0.103s] Level 1:colcon.colcon_core.package_identification:_identify(build) by extension 'ignore'
[0.103s] Level 1:colcon.colcon_core.package_identification:_identify(build) ignored
[0.103s] Level 1:colcon.colcon_core.package_identification:_identify(install) by extensions ['ignore', 'ignore_ament_install']
[0.103s] Level 1:colcon.colcon_core.package_identification:_identify(install) by extension 'ignore'
[0.103s] Level 1:colcon.colcon_core.package_identification:_identify(install) ignored
[0.103s] Level 1:colcon.colcon_core.package_identification:_identify(log) by extensions ['ignore', 'ignore_ament_install']
[0.103s] Level 1:colcon.colcon_core.package_identification:_identify(log) by extension 'ignore'
[0.103s] Level 1:colcon.colcon_core.package_identification:_identify(log) ignored
[0.103s] Level 1:colcon.colcon_core.package_identification:_identify(src) by extensions ['ignore', 'ignore_ament_install']
[0.103s] Level 1:colcon.colcon_core.package_identification:_identify(src) by extension 'ignore'
[0.104s] Level 1:colcon.colcon_core.package_identification:_identify(src) by extension 'ignore_ament_install'
[0.104s] Level 1:colcon.colcon_core.package_identification:_identify(src) by extensions ['colcon_pkg']
[0.104s] Level 1:colcon.colcon_core.package_identification:_identify(src) by extension 'colcon_pkg'
[0.104s] Level 1:colcon.colcon_core.package_identification:_identify(src) by extensions ['colcon_meta']
[0.104s] Level 1:colcon.colcon_core.package_identification:_identify(src) by extension 'colcon_meta'
[0.104s] Level 1:colcon.colcon_core.package_identification:_identify(src) by extensions ['ros']
[0.104s] Level 1:colcon.colcon_core.package_identification:_identify(src) by extension 'ros'
[0.104s] Level 1:colcon.colcon_core.package_identification:_identify(src) by extensions ['cmake', 'python']
[0.104s] Level 1:colcon.colcon_core.package_identification:_identify(src) by extension 'cmake'
[0.104s] Level 1:colcon.colcon_core.package_identification:_identify(src) by extension 'python'
[0.104s] Level 1:colcon.colcon_core.package_identification:_identify(src) by extensions ['python_setup_py']
[0.104s] Level 1:colcon.colcon_core.package_identification:_identify(src) by extension 'python_setup_py'
[0.104s] Level 1:colcon.colcon_core.package_identification:_identify(src/gazebo_prep) by extensions ['ignore', 'ignore_ament_install']
[0.104s] Level 1:colcon.colcon_core.package_identification:_identify(src/gazebo_prep) by extension 'ignore'
[0.104s] Level 1:colcon.colcon_core.package_identification:_identify(src/gazebo_prep) by extension 'ignore_ament_install'
[0.104s] Level 1:colcon.colcon_core.package_identification:_identify(src/gazebo_prep) by extensions ['colcon_pkg']
[0.104s] Level 1:colcon.colcon_core.package_identification:_identify(src/gazebo_prep) by extension 'colcon_pkg'
[0.104s] Level 1:colcon.colcon_core.package_identification:_identify(src/gazebo_prep) by extensions ['colcon_meta']
[0.104s] Level 1:colcon.colcon_core.package_identification:_identify(src/gazebo_prep) by extension 'colcon_meta'
[0.104s] Level 1:colcon.colcon_core.package_identification:_identify(src/gazebo_prep) by extensions ['ros']
[0.104s] Level 1:colcon.colcon_core.package_identification:_identify(src/gazebo_prep) by extension 'ros'
[0.105s] DEBUG:colcon.colcon_core.package_identification:Package 'src/gazebo_prep' with type 'ros.ament_cmake' and name 'gazebo_prep'
[0.105s] Level 1:colcon.colcon_core.package_discovery:discover_packages(recursive) using defaults
[0.105s] Level 1:colcon.colcon_core.package_discovery:discover_packages(ignore) discover
[0.105s] Level 1:colcon.colcon_core.package_discovery:discover_packages(ignore) using defaults
[0.105s] Level 1:colcon.colcon_core.package_discovery:discover_packages(path) discover
[0.105s] Level 1:colcon.colcon_core.package_discovery:discover_packages(path) using defaults
[0.119s] Level 1:colcon.colcon_core.package_discovery:discover_packages(prefix_path) check parameters
[0.119s] Level 1:colcon.colcon_core.package_discovery:discover_packages(prefix_path) discover
[0.120s] DEBUG:colcon.colcon_installed_package_information.package_discovery:Found 309 installed packages in /opt/ros/humble
[0.120s] Level 1:colcon.colcon_core.package_discovery:discover_packages(prefix_path) using defaults
[0.135s] Level 5:colcon.colcon_core.verb:set package 'gazebo_prep' build argument 'cmake_args' from command line to 'None'
[0.135s] Level 5:colcon.colcon_core.verb:set package 'gazebo_prep' build argument 'cmake_target' from command line to 'None'
[0.135s] Level 5:colcon.colcon_core.verb:set package 'gazebo_prep' build argument 'cmake_target_skip_unavailable' from command line to 'False'
[0.135s] Level 5:colcon.colcon_core.verb:set package 'gazebo_prep' build argument 'cmake_clean_cache' from command line to 'False'
[0.135s] Level 5:colcon.colcon_core.verb:set package 'gazebo_prep' build argument 'cmake_clean_first' from command line to 'False'
[0.135s] Level 5:colcon.colcon_core.verb:set package 'gazebo_prep' build argument 'cmake_force_configure' from command line to 'False'
[0.135s] Level 5:colcon.colcon_core.verb:set package 'gazebo_prep' build argument 'ament_cmake_args' from command line to 'None'
[0.135s] Level 5:colcon.colcon_core.verb:set package 'gazebo_prep' build argument 'catkin_cmake_args' from command line to 'None'
[0.135s] Level 5:colcon.colcon_core.verb:set package 'gazebo_prep' build argument 'catkin_skip_building_tests' from command line to 'False'
[0.135s] DEBUG:colcon.colcon_core.verb:Building package 'gazebo_prep' with the following arguments: {'ament_cmake_args': None, 'build_base': '/home/coooper/Documents/biped/Bipedal-URDF/Gazebo Humble/build/gazebo_prep', 'catkin_cmake_args': None, 'catkin_skip_building_tests': False, 'cmake_args': None, 'cmake_clean_cache': False, 'cmake_clean_first': False, 'cmake_force_configure': False, 'cmake_target': None, 'cmake_target_skip_unavailable': False, 'install_base': '/home/coooper/Documents/biped/Bipedal-URDF/Gazebo Humble/install/gazebo_prep', 'merge_install': False, 'path': '/home/coooper/Documents/biped/Bipedal-URDF/Gazebo Humble/src/gazebo_prep', 'symlink_install': True, 'test_result_base': None}
[0.136s] INFO:colcon.colcon_core.executor:Executing jobs using 'parallel' executor
[0.137s] DEBUG:colcon.colcon_parallel_executor.executor.parallel:run_until_complete
[0.137s] INFO:colcon.colcon_ros.task.ament_cmake.build:Building ROS package in '/home/coooper/Documents/biped/Bipedal-URDF/Gazebo Humble/src/gazebo_prep' with build type 'ament_cmake'
[0.137s] INFO:colcon.colcon_cmake.task.cmake.build:Building CMake package in '/home/coooper/Documents/biped/Bipedal-URDF/Gazebo Humble/src/gazebo_prep'
[0.138s] INFO:colcon.colcon_core.plugin_system:Skipping extension 'colcon_core.shell.bat': Not used on non-Windows systems
[0.138s] INFO:colcon.colcon_core.shell:Skip shell extension 'powershell' for command environment: Not usable outside of PowerShell
[0.138s] DEBUG:colcon.colcon_core.shell:Skip shell extension 'dsv' for command environment
[0.143s] DEBUG:colcon.colcon_core.event_handler.log_command:Invoking command in '/home/coooper/Documents/biped/Bipedal-URDF/Gazebo Humble/build/gazebo_prep': CMAKE_PREFIX_PATH=/opt/ros/humble /usr/bin/cmake --build /home/coooper/Documents/biped/Bipedal-URDF/Gazebo Humble/build/gazebo_prep -- -j32 -l32
[0.277s] DEBUG:colcon.colcon_core.event_handler.log_command:Invoked command in '/home/coooper/Documents/biped/Bipedal-URDF/Gazebo Humble/build/gazebo_prep' returned '0': CMAKE_PREFIX_PATH=/opt/ros/humble /usr/bin/cmake --build /home/coooper/Documents/biped/Bipedal-URDF/Gazebo Humble/build/gazebo_prep -- -j32 -l32
[0.282s] DEBUG:colcon.colcon_core.event_handler.log_command:Invoking command in '/home/coooper/Documents/biped/Bipedal-URDF/Gazebo Humble/build/gazebo_prep': CMAKE_PREFIX_PATH=/opt/ros/humble /usr/bin/cmake --install /home/coooper/Documents/biped/Bipedal-URDF/Gazebo Humble/build/gazebo_prep
[0.309s] Level 1:colcon.colcon_core.environment:create_environment_scripts_only(gazebo_prep)
[0.310s] DEBUG:colcon.colcon_core.event_handler.log_command:Invoked command in '/home/coooper/Documents/biped/Bipedal-URDF/Gazebo Humble/build/gazebo_prep' returned '0': CMAKE_PREFIX_PATH=/opt/ros/humble /usr/bin/cmake --install /home/coooper/Documents/biped/Bipedal-URDF/Gazebo Humble/build/gazebo_prep
[0.310s] Level 1:colcon.colcon_core.environment:checking '/home/coooper/Documents/biped/Bipedal-URDF/Gazebo Humble/install/gazebo_prep' for CMake module files
[0.311s] Level 1:colcon.colcon_core.environment:checking '/home/coooper/Documents/biped/Bipedal-URDF/Gazebo Humble/install/gazebo_prep' for CMake config files
[0.311s] Level 1:colcon.colcon_core.shell:create_environment_hook('gazebo_prep', 'cmake_prefix_path')
[0.311s] INFO:colcon.colcon_core.shell:Creating environment hook '/home/coooper/Documents/biped/Bipedal-URDF/Gazebo Humble/install/gazebo_prep/share/gazebo_prep/hook/cmake_prefix_path.ps1'
[0.311s] INFO:colcon.colcon_core.shell:Creating environment descriptor '/home/coooper/Documents/biped/Bipedal-URDF/Gazebo Humble/install/gazebo_prep/share/gazebo_prep/hook/cmake_prefix_path.dsv'
[0.312s] INFO:colcon.colcon_core.shell:Creating environment hook '/home/coooper/Documents/biped/Bipedal-URDF/Gazebo Humble/install/gazebo_prep/share/gazebo_prep/hook/cmake_prefix_path.sh'
[0.312s] Level 1:colcon.colcon_core.environment:checking '/home/coooper/Documents/biped/Bipedal-URDF/Gazebo Humble/install/gazebo_prep/lib'
[0.312s] Level 1:colcon.colcon_core.environment:checking '/home/coooper/Documents/biped/Bipedal-URDF/Gazebo Humble/install/gazebo_prep/bin'
[0.312s] Level 1:colcon.colcon_core.environment:checking '/home/coooper/Documents/biped/Bipedal-URDF/Gazebo Humble/install/gazebo_prep/lib/pkgconfig/gazebo_prep.pc'
[0.312s] Level 1:colcon.colcon_core.environment:checking '/home/coooper/Documents/biped/Bipedal-URDF/Gazebo Humble/install/gazebo_prep/lib/python3.10/site-packages'
[0.312s] Level 1:colcon.colcon_core.environment:checking '/home/coooper/Documents/biped/Bipedal-URDF/Gazebo Humble/install/gazebo_prep/bin'
[0.313s] INFO:colcon.colcon_core.shell:Creating package script '/home/coooper/Documents/biped/Bipedal-URDF/Gazebo Humble/install/gazebo_prep/share/gazebo_prep/package.ps1'
[0.313s] INFO:colcon.colcon_core.shell:Creating package descriptor '/home/coooper/Documents/biped/Bipedal-URDF/Gazebo Humble/install/gazebo_prep/share/gazebo_prep/package.dsv'
[0.313s] INFO:colcon.colcon_core.shell:Creating package script '/home/coooper/Documents/biped/Bipedal-URDF/Gazebo Humble/install/gazebo_prep/share/gazebo_prep/package.sh'
[0.313s] INFO:colcon.colcon_core.shell:Creating package script '/home/coooper/Documents/biped/Bipedal-URDF/Gazebo Humble/install/gazebo_prep/share/gazebo_prep/package.bash'
[0.314s] INFO:colcon.colcon_core.shell:Creating package script '/home/coooper/Documents/biped/Bipedal-URDF/Gazebo Humble/install/gazebo_prep/share/gazebo_prep/package.zsh'
[0.314s] Level 1:colcon.colcon_core.environment:create_file_with_runtime_dependencies(/home/coooper/Documents/biped/Bipedal-URDF/Gazebo Humble/install/gazebo_prep/share/colcon-core/packages/gazebo_prep)
[0.314s] Level 1:colcon.colcon_core.environment:create_environment_scripts_only(gazebo_prep)
[0.314s] Level 1:colcon.colcon_core.environment:checking '/home/coooper/Documents/biped/Bipedal-URDF/Gazebo Humble/install/gazebo_prep' for CMake module files
[0.315s] Level 1:colcon.colcon_core.environment:checking '/home/coooper/Documents/biped/Bipedal-URDF/Gazebo Humble/install/gazebo_prep' for CMake config files
[0.315s] Level 1:colcon.colcon_core.shell:create_environment_hook('gazebo_prep', 'cmake_prefix_path')
[0.315s] INFO:colcon.colcon_core.shell:Creating environment hook '/home/coooper/Documents/biped/Bipedal-URDF/Gazebo Humble/install/gazebo_prep/share/gazebo_prep/hook/cmake_prefix_path.ps1'
[0.315s] INFO:colcon.colcon_core.shell:Creating environment descriptor '/home/coooper/Documents/biped/Bipedal-URDF/Gazebo Humble/install/gazebo_prep/share/gazebo_prep/hook/cmake_prefix_path.dsv'
[0.315s] INFO:colcon.colcon_core.shell:Creating environment hook '/home/coooper/Documents/biped/Bipedal-URDF/Gazebo Humble/install/gazebo_prep/share/gazebo_prep/hook/cmake_prefix_path.sh'
[0.315s] Level 1:colcon.colcon_core.environment:checking '/home/coooper/Documents/biped/Bipedal-URDF/Gazebo Humble/install/gazebo_prep/lib'
[0.315s] Level 1:colcon.colcon_core.environment:checking '/home/coooper/Documents/biped/Bipedal-URDF/Gazebo Humble/install/gazebo_prep/bin'
[0.315s] Level 1:colcon.colcon_core.environment:checking '/home/coooper/Documents/biped/Bipedal-URDF/Gazebo Humble/install/gazebo_prep/lib/pkgconfig/gazebo_prep.pc'
[0.315s] Level 1:colcon.colcon_core.environment:checking '/home/coooper/Documents/biped/Bipedal-URDF/Gazebo Humble/install/gazebo_prep/lib/python3.10/site-packages'
[0.316s] Level 1:colcon.colcon_core.environment:checking '/home/coooper/Documents/biped/Bipedal-URDF/Gazebo Humble/install/gazebo_prep/bin'
[0.316s] INFO:colcon.colcon_core.shell:Creating package script '/home/coooper/Documents/biped/Bipedal-URDF/Gazebo Humble/install/gazebo_prep/share/gazebo_prep/package.ps1'
[0.316s] INFO:colcon.colcon_core.shell:Creating package descriptor '/home/coooper/Documents/biped/Bipedal-URDF/Gazebo Humble/install/gazebo_prep/share/gazebo_prep/package.dsv'
[0.316s] INFO:colcon.colcon_core.shell:Creating package script '/home/coooper/Documents/biped/Bipedal-URDF/Gazebo Humble/install/gazebo_prep/share/gazebo_prep/package.sh'
[0.316s] INFO:colcon.colcon_core.shell:Creating package script '/home/coooper/Documents/biped/Bipedal-URDF/Gazebo Humble/install/gazebo_prep/share/gazebo_prep/package.bash'
[0.316s] INFO:colcon.colcon_core.shell:Creating package script '/home/coooper/Documents/biped/Bipedal-URDF/Gazebo Humble/install/gazebo_prep/share/gazebo_prep/package.zsh'
[0.317s] Level 1:colcon.colcon_core.environment:create_file_with_runtime_dependencies(/home/coooper/Documents/biped/Bipedal-URDF/Gazebo Humble/install/gazebo_prep/share/colcon-core/packages/gazebo_prep)
[0.317s] DEBUG:colcon.colcon_parallel_executor.executor.parallel:closing loop
[0.317s] DEBUG:colcon.colcon_parallel_executor.executor.parallel:loop closed
[0.317s] DEBUG:colcon.colcon_parallel_executor.executor.parallel:run_until_complete finished with '0'
[0.317s] DEBUG:colcon.colcon_core.event_reactor:joining thread
[0.319s] INFO:colcon.colcon_core.plugin_system:Skipping extension 'colcon_notification.desktop_notification.terminal_notifier': Not used on non-Darwin systems
[0.319s] INFO:colcon.colcon_core.plugin_system:Skipping extension 'colcon_notification.desktop_notification.win32': Not used on non-Windows systems
[0.319s] INFO:colcon.colcon_notification.desktop_notification:Sending desktop notification using 'notify2'
[0.326s] DEBUG:colcon.colcon_core.event_reactor:joined thread
[0.326s] INFO:colcon.colcon_core.shell:Creating prefix script '/home/coooper/Documents/biped/Bipedal-URDF/Gazebo Humble/install/local_setup.ps1'
[0.326s] INFO:colcon.colcon_core.shell:Creating prefix util module '/home/coooper/Documents/biped/Bipedal-URDF/Gazebo Humble/install/_local_setup_util_ps1.py'
[0.327s] INFO:colcon.colcon_core.shell:Creating prefix chain script '/home/coooper/Documents/biped/Bipedal-URDF/Gazebo Humble/install/setup.ps1'
[0.328s] INFO:colcon.colcon_core.shell:Creating prefix script '/home/coooper/Documents/biped/Bipedal-URDF/Gazebo Humble/install/local_setup.sh'
[0.328s] INFO:colcon.colcon_core.shell:Creating prefix util module '/home/coooper/Documents/biped/Bipedal-URDF/Gazebo Humble/install/_local_setup_util_sh.py'
[0.328s] INFO:colcon.colcon_core.shell:Creating prefix chain script '/home/coooper/Documents/biped/Bipedal-URDF/Gazebo Humble/install/setup.sh'
[0.329s] INFO:colcon.colcon_core.shell:Creating prefix script '/home/coooper/Documents/biped/Bipedal-URDF/Gazebo Humble/install/local_setup.bash'
[0.329s] INFO:colcon.colcon_core.shell:Creating prefix chain script '/home/coooper/Documents/biped/Bipedal-URDF/Gazebo Humble/install/setup.bash'
[0.329s] INFO:colcon.colcon_core.shell:Creating prefix script '/home/coooper/Documents/biped/Bipedal-URDF/Gazebo Humble/install/local_setup.zsh'
[0.329s] INFO:colcon.colcon_core.shell:Creating prefix chain script '/home/coooper/Documents/biped/Bipedal-URDF/Gazebo Humble/install/setup.zsh'
