[0.000000] (-) TimerEvent: {}
[0.000209] (gazebo_prep) JobQueued: {'identifier': 'gazebo_prep', 'dependencies': OrderedDict()}
[0.000333] (gazebo_prep) JobStarted: {'identifier': 'gazebo_prep'}
[0.004341] (gazebo_prep) JobProgress: {'identifier': 'gazebo_prep', 'progress': 'cmake'}
[0.005023] (gazebo_prep) JobProgress: {'identifier': 'gazebo_prep', 'progress': 'build'}
[0.005418] (gazebo_prep) Command: {'cmd': ['/usr/bin/cmake', '--build', '/home/coooper/Documents/biped/Bipedal-URDF/Gazebo Humble/build/gazebo_prep', '--', '-j32', '-l32'], 'cwd': '/home/coooper/Documents/biped/Bipedal-URDF/Gazebo Humble/build/gazebo_prep', 'env': OrderedDict([('GJS_DEBUG_TOPICS', 'JS ERROR;JS LOG'), ('LESSOPEN', '| /usr/bin/lesspipe %s'), ('VSCODE_CWD', '/home/coooper'), ('LANGUAGE', 'en_IN:en'), ('USER', 'coooper'), ('VSCODE_NLS_CONFIG', '{"userLocale":"en-gb","osLocale":"en-in","resolvedLanguage":"en","defaultMessagesFile":"/usr/share/antigravity/resources/app/out/nls.messages.json","locale":"en-gb","availableLanguages":{}}'), ('XDG_SESSION_TYPE', 'wayland'), ('SHLVL', '1'), ('LD_LIBRARY_PATH', '/opt/ros/humble/opt/rviz_ogre_vendor/lib:/opt/ros/humble/lib/x86_64-linux-gnu:/opt/ros/humble/lib'), ('HOME', '/home/coooper'), ('CHROME_DESKTOP', 'antigravity.desktop'), ('DESKTOP_SESSION', 'ubuntu'), ('VSCODE_IPC_HOOK', '/run/user/1000/vscode-8052fbd1-1.10-main.sock'), ('GIO_LAUNCHED_DESKTOP_FILE', '/usr/share/applications/antigravity.desktop'), ('ROS_PYTHON_VERSION', '3'), ('GNOME_SHELL_SESSION_MODE', 'ubuntu'), ('GTK_MODULES', 'gail:atk-bridge'), ('PAGER', 'cat'), ('MANAGERPID', '2082'), ('SYSTEMD_EXEC_PID', '2257'), ('IM_CONFIG_CHECK_ENV', '1'), ('DBUS_SESSION_BUS_ADDRESS', 'unix:path=/run/user/1000/bus'), ('ANTIGRAVITY_AGENT', '1'), ('GIO_LAUNCHED_DESKTOP_FILE_PID', '12993'), ('IM_CONFIG_PHASE', '1'), ('WAYLAND_DISPLAY', 'wayland-0'), ('ROS_DISTRO', 'humble'), ('LOGNAME', 'coooper'), ('JOURNAL_STREAM', '8:24277'), ('_', '/usr/bin/colcon'), ('ROS_VERSION', '2'), ('XDG_SESSION_CLASS', 'user'), ('USERNAME', 'coooper'), ('TERM', 'dumb'), ('GNOME_DESKTOP_SESSION_ID', 'this-is-deprecated'), ('FC_FONTATIONS', '1'), ('ROS_LOCALHOST_ONLY', '0'), ('ANTIGRAVITY_EDITOR_APP_ROOT', '/usr/share/antigravity/resources/app'), ('PATH', '/home/coooper/.local/bin:/opt/ros/humble/bin:/home/coooper/.local/bin:/usr/local/sbin:/usr/local/bin:/usr/sbin:/usr/bin:/sbin:/bin:/usr/games:/usr/local/games:/snap/bin:/snap/bin'), ('SESSION_MANAGER', 'local/cooper:@/tmp/.ICE-unix/2233,unix/cooper:/tmp/.ICE-unix/2233'), ('INVOCATION_ID', 'c67040c47fdb4807a10250d5da50260c'), ('XDG_MENU_PREFIX', 'gnome-'), ('GNOME_SETUP_DISPLAY', ':1'), ('XDG_RUNTIME_DIR', '/run/user/1000'), ('GDK_BACKEND', 'wayland'), ('DISPLAY', ':0'), ('LANG', 'en_US.UTF-8'), ('XDG_CURRENT_DESKTOP', 'ubuntu:GNOME'), ('XMODIFIERS', '@im=ibus'), ('XDG_SESSION_DESKTOP', 'ubuntu'), ('XAUTHORITY', '/run/user/1000/.mutter-Xwaylandauth.NQBRT3'), ('LS_COLORS', ''), ('SSH_AGENT_LAUNCHER', 'gnome-keyring'), ('SSH_AUTH_SOCK', '/run/user/1000/keyring/ssh'), ('AMENT_PREFIX_PATH', '/opt/ros/humble'), ('SHELL', '/bin/bash'), ('QT_ACCESSIBILITY', '1'), ('GDMSESSION', 'ubuntu'), ('LESSCLOSE', '/usr/bin/lesspipe %s %s'), ('GJS_DEBUG_OUTPUT', 'stderr'), ('QT_IM_MODULE', 'ibus'), ('ANTIGRAVITY_TRAJECTORY_ID', 'f2f899c5-687b-4a6d-9117-d07d9c86a8c9'), ('PWD', '/home/coooper/Documents/biped/Bipedal-URDF/Gazebo Humble/build/gazebo_prep'), ('LC_ALL', 'en_US.UTF-8'), ('XDG_CONFIG_DIRS', '/etc/xdg/xdg-ubuntu:/etc/xdg'), ('VSCODE_CODE_CACHE_PATH', '/home/coooper/.config/Antigravity/CachedData/15487b3041e65228cae24980a3f796c905ef582c'), ('XDG_DATA_DIRS', '/usr/share/ubuntu:/usr/local/share/:/usr/share/:/var/lib/snapd/desktop'), ('PYTHONPATH', '/opt/ros/humble/lib/python3.10/site-packages:/opt/ros/humble/local/lib/python3.10/dist-packages'), ('COLCON', '1'), ('VSCODE_PID', '12993'), ('CMAKE_PREFIX_PATH', '/opt/ros/humble')]), 'shell': False}
[0.027360] (gazebo_prep) StdoutLine: {'line': b'\x1b[35m\x1b[1mConsolidate compiler generated dependencies of target balance_point\x1b[0m\n'}
[0.034153] (gazebo_prep) StdoutLine: {'line': b'[  0%] Built target ament_cmake_python_symlink_gazebo_prep\n'}
[0.036513] (gazebo_prep) StdoutLine: {'line': b'[100%] Built target balance_point\n'}
[0.099869] (-) TimerEvent: {}
[0.126008] (gazebo_prep) StdoutLine: {'line': b'running egg_info\n'}
[0.126424] (gazebo_prep) StdoutLine: {'line': b'writing gazebo_prep.egg-info/PKG-INFO\n'}
[0.126549] (gazebo_prep) StdoutLine: {'line': b'writing dependency_links to gazebo_prep.egg-info/dependency_links.txt\n'}
[0.126650] (gazebo_prep) StdoutLine: {'line': b'writing top-level names to gazebo_prep.egg-info/top_level.txt\n'}
[0.127204] (gazebo_prep) StdoutLine: {'line': b"reading manifest file 'gazebo_prep.egg-info/SOURCES.txt'\n"}
[0.127394] (gazebo_prep) StdoutLine: {'line': b"writing manifest file 'gazebo_prep.egg-info/SOURCES.txt'\n"}
[0.141055] (gazebo_prep) StdoutLine: {'line': b'[100%] Built target ament_cmake_python_build_gazebo_prep_egg\n'}
[0.147438] (gazebo_prep) CommandEnded: {'returncode': 0}
[0.147854] (gazebo_prep) JobProgress: {'identifier': 'gazebo_prep', 'progress': 'install'}
[0.152663] (gazebo_prep) Command: {'cmd': ['/usr/bin/cmake', '--install', '/home/coooper/Documents/biped/Bipedal-URDF/Gazebo Humble/build/gazebo_prep'], 'cwd': '/home/coooper/Documents/biped/Bipedal-URDF/Gazebo Humble/build/gazebo_prep', 'env': OrderedDict([('GJS_DEBUG_TOPICS', 'JS ERROR;JS LOG'), ('LESSOPEN', '| /usr/bin/lesspipe %s'), ('VSCODE_CWD', '/home/coooper'), ('LANGUAGE', 'en_IN:en'), ('USER', 'coooper'), ('VSCODE_NLS_CONFIG', '{"userLocale":"en-gb","osLocale":"en-in","resolvedLanguage":"en","defaultMessagesFile":"/usr/share/antigravity/resources/app/out/nls.messages.json","locale":"en-gb","availableLanguages":{}}'), ('XDG_SESSION_TYPE', 'wayland'), ('SHLVL', '1'), ('LD_LIBRARY_PATH', '/opt/ros/humble/opt/rviz_ogre_vendor/lib:/opt/ros/humble/lib/x86_64-linux-gnu:/opt/ros/humble/lib'), ('HOME', '/home/coooper'), ('CHROME_DESKTOP', 'antigravity.desktop'), ('DESKTOP_SESSION', 'ubuntu'), ('VSCODE_IPC_HOOK', '/run/user/1000/vscode-8052fbd1-1.10-main.sock'), ('GIO_LAUNCHED_DESKTOP_FILE', '/usr/share/applications/antigravity.desktop'), ('ROS_PYTHON_VERSION', '3'), ('GNOME_SHELL_SESSION_MODE', 'ubuntu'), ('GTK_MODULES', 'gail:atk-bridge'), ('PAGER', 'cat'), ('MANAGERPID', '2082'), ('SYSTEMD_EXEC_PID', '2257'), ('IM_CONFIG_CHECK_ENV', '1'), ('DBUS_SESSION_BUS_ADDRESS', 'unix:path=/run/user/1000/bus'), ('ANTIGRAVITY_AGENT', '1'), ('GIO_LAUNCHED_DESKTOP_FILE_PID', '12993'), ('IM_CONFIG_PHASE', '1'), ('WAYLAND_DISPLAY', 'wayland-0'), ('ROS_DISTRO', 'humble'), ('LOGNAME', 'coooper'), ('JOURNAL_STREAM', '8:24277'), ('_', '/usr/bin/colcon'), ('ROS_VERSION', '2'), ('XDG_SESSION_CLASS', 'user'), ('USERNAME', 'coooper'), ('TERM', 'dumb'), ('GNOME_DESKTOP_SESSION_ID', 'this-is-deprecated'), ('FC_FONTATIONS', '1'), ('ROS_LOCALHOST_ONLY', '0'), ('ANTIGRAVITY_EDITOR_APP_ROOT', '/usr/share/antigravity/resources/app'), ('PATH', '/home/coooper/.local/bin:/opt/ros/humble/bin:/home/coooper/.local/bin:/usr/local/sbin:/usr/local/bin:/usr/sbin:/usr/bin:/sbin:/bin:/usr/games:/usr/local/games:/snap/bin:/snap/bin'), ('SESSION_MANAGER', 'local/cooper:@/tmp/.ICE-unix/2233,unix/cooper:/tmp/.ICE-unix/2233'), ('INVOCATION_ID', 'c67040c47fdb4807a10250d5da50260c'), ('XDG_MENU_PREFIX', 'gnome-'), ('GNOME_SETUP_DISPLAY', ':1'), ('XDG_RUNTIME_DIR', '/run/user/1000'), ('GDK_BACKEND', 'wayland'), ('DISPLAY', ':0'), ('LANG', 'en_US.UTF-8'), ('XDG_CURRENT_DESKTOP', 'ubuntu:GNOME'), ('XMODIFIERS', '@im=ibus'), ('XDG_SESSION_DESKTOP', 'ubuntu'), ('XAUTHORITY', '/run/user/1000/.mutter-Xwaylandauth.NQBRT3'), ('LS_COLORS', ''), ('SSH_AGENT_LAUNCHER', 'gnome-keyring'), ('SSH_AUTH_SOCK', '/run/user/1000/keyring/ssh'), ('AMENT_PREFIX_PATH', '/opt/ros/humble'), ('SHELL', '/bin/bash'), ('QT_ACCESSIBILITY', '1'), ('GDMSESSION', 'ubuntu'), ('LESSCLOSE', '/usr/bin/lesspipe %s %s'), ('GJS_DEBUG_OUTPUT', 'stderr'), ('QT_IM_MODULE', 'ibus'), ('ANTIGRAVITY_TRAJECTORY_ID', 'f2f899c5-687b-4a6d-9117-d07d9c86a8c9'), ('PWD', '/home/coooper/Documents/biped/Bipedal-URDF/Gazebo Humble/build/gazebo_prep'), ('LC_ALL', 'en_US.UTF-8'), ('XDG_CONFIG_DIRS', '/etc/xdg/xdg-ubuntu:/etc/xdg'), ('VSCODE_CODE_CACHE_PATH', '/home/coooper/.config/Antigravity/CachedData/15487b3041e65228cae24980a3f796c905ef582c'), ('XDG_DATA_DIRS', '/usr/share/ubuntu:/usr/local/share/:/usr/share/:/var/lib/snapd/desktop'), ('PYTHONPATH', '/opt/ros/humble/lib/python3.10/site-packages:/opt/ros/humble/local/lib/python3.10/dist-packages'), ('COLCON', '1'), ('VSCODE_PID', '12993'), ('CMAKE_PREFIX_PATH', '/opt/ros/humble')]), 'shell': False}
[0.155422] (gazebo_prep) StdoutLine: {'line': b'-- Install configuration: ""\n'}
[0.155745] (gazebo_prep) StdoutLine: {'line': b'-- Execute custom install script\n'}
[0.155863] (gazebo_prep) StdoutLine: {'line': b'-- Up-to-date symlink: /home/coooper/Documents/biped/Bipedal-URDF/Gazebo Humble/install/gazebo_prep/lib/gazebo_prep/balance_point\n'}
[0.155919] (gazebo_prep) StdoutLine: {'line': b'-- Up-to-date symlink: /home/coooper/Documents/biped/Bipedal-URDF/Gazebo Humble/install/gazebo_prep/share/gazebo_prep/environment/pythonpath.sh\n'}
[0.155968] (gazebo_prep) StdoutLine: {'line': b'-- Up-to-date symlink: /home/coooper/Documents/biped/Bipedal-URDF/Gazebo Humble/install/gazebo_prep/share/gazebo_prep/environment/pythonpath.dsv\n'}
[0.156132] (gazebo_prep) StdoutLine: {'line': b'-- Up-to-date symlink: /home/coooper/Documents/biped/Bipedal-URDF/Gazebo Humble/install/gazebo_prep/local/lib/python3.10/dist-packages/gazebo_prep-1.0.0-py3.10.egg-info/PKG-INFO\n'}
[0.156177] (gazebo_prep) StdoutLine: {'line': b'-- Up-to-date symlink: /home/coooper/Documents/biped/Bipedal-URDF/Gazebo Humble/install/gazebo_prep/local/lib/python3.10/dist-packages/gazebo_prep-1.0.0-py3.10.egg-info/SOURCES.txt\n'}
[0.156220] (gazebo_prep) StdoutLine: {'line': b'-- Up-to-date symlink: /home/coooper/Documents/biped/Bipedal-URDF/Gazebo Humble/install/gazebo_prep/local/lib/python3.10/dist-packages/gazebo_prep-1.0.0-py3.10.egg-info/dependency_links.txt\n'}
[0.156263] (gazebo_prep) StdoutLine: {'line': b'-- Up-to-date symlink: /home/coooper/Documents/biped/Bipedal-URDF/Gazebo Humble/install/gazebo_prep/local/lib/python3.10/dist-packages/gazebo_prep-1.0.0-py3.10.egg-info/top_level.txt\n'}
[0.156361] (gazebo_prep) StdoutLine: {'line': b'-- Up-to-date symlink: /home/coooper/Documents/biped/Bipedal-URDF/Gazebo Humble/install/gazebo_prep/local/lib/python3.10/dist-packages/gazebo_prep/__init__.py\n'}
[0.156407] (gazebo_prep) StdoutLine: {'line': b'-- Up-to-date symlink: /home/coooper/Documents/biped/Bipedal-URDF/Gazebo Humble/install/gazebo_prep/local/lib/python3.10/dist-packages/gazebo_prep/rc_teleop.py\n'}
[0.156448] (gazebo_prep) StdoutLine: {'line': b'-- Up-to-date symlink: /home/coooper/Documents/biped/Bipedal-URDF/Gazebo Humble/install/gazebo_prep/local/lib/python3.10/dist-packages/gazebo_prep/standing_mode.py\n'}
[0.156489] (gazebo_prep) StdoutLine: {'line': b'-- Up-to-date symlink: /home/coooper/Documents/biped/Bipedal-URDF/Gazebo Humble/install/gazebo_prep/local/lib/python3.10/dist-packages/gazebo_prep/wireless_gui_bridge.py\n'}
[0.156528] (gazebo_prep) StdoutLine: {'line': b'-- Up-to-date symlink: /home/coooper/Documents/biped/Bipedal-URDF/Gazebo Humble/install/gazebo_prep/lib/gazebo_prep/standing_mode\n'}
[0.156570] (gazebo_prep) StdoutLine: {'line': b'-- Up-to-date symlink: /home/coooper/Documents/biped/Bipedal-URDF/Gazebo Humble/install/gazebo_prep/lib/gazebo_prep/rc_teleop\n'}
[0.156608] (gazebo_prep) StdoutLine: {'line': b'-- Up-to-date symlink: /home/coooper/Documents/biped/Bipedal-URDF/Gazebo Humble/install/gazebo_prep/lib/gazebo_prep/wireless_gui_bridge\n'}
[0.156706] (gazebo_prep) StdoutLine: {'line': b'-- Up-to-date symlink: /home/coooper/Documents/biped/Bipedal-URDF/Gazebo Humble/install/gazebo_prep/share/gazebo_prep/urdf/assembly.urdf.xacro\n'}
[0.156840] (gazebo_prep) StdoutLine: {'line': b'-- Up-to-date symlink: /home/coooper/Documents/biped/Bipedal-URDF/Gazebo Humble/install/gazebo_prep/share/gazebo_prep/urdf/assembly_gazebo.xacro\n'}
[0.156882] (gazebo_prep) StdoutLine: {'line': b'-- Up-to-date symlink: /home/coooper/Documents/biped/Bipedal-URDF/Gazebo Humble/install/gazebo_prep/share/gazebo_prep/urdf/assembly_ros2_control.xacro\n'}
[0.156974] (gazebo_prep) StdoutLine: {'line': b'-- Up-to-date symlink: /home/coooper/Documents/biped/Bipedal-URDF/Gazebo Humble/install/gazebo_prep/share/gazebo_prep/meshes/left_femur_front.stl\n'}
[0.157014] (gazebo_prep) StdoutLine: {'line': b'-- Up-to-date symlink: /home/coooper/Documents/biped/Bipedal-URDF/Gazebo Humble/install/gazebo_prep/share/gazebo_prep/meshes/left_femur_rear.stl\n'}
[0.157054] (gazebo_prep) StdoutLine: {'line': b'-- Up-to-date symlink: /home/coooper/Documents/biped/Bipedal-URDF/Gazebo Humble/install/gazebo_prep/share/gazebo_prep/meshes/left_shank_front.stl\n'}
[0.157092] (gazebo_prep) StdoutLine: {'line': b'-- Up-to-date symlink: /home/coooper/Documents/biped/Bipedal-URDF/Gazebo Humble/install/gazebo_prep/share/gazebo_prep/meshes/left_shank_rear.stl\n'}
[0.157130] (gazebo_prep) StdoutLine: {'line': b'-- Up-to-date symlink: /home/coooper/Documents/biped/Bipedal-URDF/Gazebo Humble/install/gazebo_prep/share/gazebo_prep/meshes/pelvis.stl\n'}
[0.157171] (gazebo_prep) StdoutLine: {'line': b'-- Up-to-date symlink: /home/coooper/Documents/biped/Bipedal-URDF/Gazebo Humble/install/gazebo_prep/share/gazebo_prep/meshes/right_femur_front.stl\n'}
[0.157224] (gazebo_prep) StdoutLine: {'line': b'-- Up-to-date symlink: /home/coooper/Documents/biped/Bipedal-URDF/Gazebo Humble/install/gazebo_prep/share/gazebo_prep/meshes/right_femur_rear.stl\n'}
[0.157264] (gazebo_prep) StdoutLine: {'line': b'-- Up-to-date symlink: /home/coooper/Documents/biped/Bipedal-URDF/Gazebo Humble/install/gazebo_prep/share/gazebo_prep/meshes/right_shank_front.stl\n'}
[0.157287] (gazebo_prep) StdoutLine: {'line': b'-- Up-to-date symlink: /home/coooper/Documents/biped/Bipedal-URDF/Gazebo Humble/install/gazebo_prep/share/gazebo_prep/meshes/right_shank_rear.stl\n'}
[0.157326] (gazebo_prep) StdoutLine: {'line': b'-- Up-to-date symlink: /home/coooper/Documents/biped/Bipedal-URDF/Gazebo Humble/install/gazebo_prep/share/gazebo_prep/config/balance_params.yaml\n'}
[0.157367] (gazebo_prep) StdoutLine: {'line': b'-- Up-to-date symlink: /home/coooper/Documents/biped/Bipedal-URDF/Gazebo Humble/install/gazebo_prep/share/gazebo_prep/config/ros2_controllers.yaml\n'}
[0.157429] (gazebo_prep) StdoutLine: {'line': b'-- Up-to-date symlink: /home/coooper/Documents/biped/Bipedal-URDF/Gazebo Humble/install/gazebo_prep/share/gazebo_prep/worlds/balance_arena.sdf\n'}
[0.157496] (gazebo_prep) StdoutLine: {'line': b'-- Up-to-date symlink: /home/coooper/Documents/biped/Bipedal-URDF/Gazebo Humble/install/gazebo_prep/share/gazebo_prep/launch/simulation.launch.py\n'}
[0.157562] (gazebo_prep) StdoutLine: {'line': b'-- Up-to-date symlink: /home/coooper/Documents/biped/Bipedal-URDF/Gazebo Humble/install/gazebo_prep/share/ament_index/resource_index/package_run_dependencies/gazebo_prep\n'}
[0.157623] (gazebo_prep) StdoutLine: {'line': b'-- Up-to-date symlink: /home/coooper/Documents/biped/Bipedal-URDF/Gazebo Humble/install/gazebo_prep/share/ament_index/resource_index/parent_prefix_path/gazebo_prep\n'}
[0.157674] (gazebo_prep) StdoutLine: {'line': b'-- Up-to-date symlink: /home/coooper/Documents/biped/Bipedal-URDF/Gazebo Humble/install/gazebo_prep/share/gazebo_prep/environment/ament_prefix_path.sh\n'}
[0.157727] (gazebo_prep) StdoutLine: {'line': b'-- Up-to-date symlink: /home/coooper/Documents/biped/Bipedal-URDF/Gazebo Humble/install/gazebo_prep/share/gazebo_prep/environment/ament_prefix_path.dsv\n'}
[0.157778] (gazebo_prep) StdoutLine: {'line': b'-- Up-to-date symlink: /home/coooper/Documents/biped/Bipedal-URDF/Gazebo Humble/install/gazebo_prep/share/gazebo_prep/environment/path.sh\n'}
[0.157829] (gazebo_prep) StdoutLine: {'line': b'-- Up-to-date symlink: /home/coooper/Documents/biped/Bipedal-URDF/Gazebo Humble/install/gazebo_prep/share/gazebo_prep/environment/path.dsv\n'}
[0.157877] (gazebo_prep) StdoutLine: {'line': b'-- Up-to-date symlink: /home/coooper/Documents/biped/Bipedal-URDF/Gazebo Humble/install/gazebo_prep/share/gazebo_prep/local_setup.bash\n'}
[0.157926] (gazebo_prep) StdoutLine: {'line': b'-- Up-to-date symlink: /home/coooper/Documents/biped/Bipedal-URDF/Gazebo Humble/install/gazebo_prep/share/gazebo_prep/local_setup.sh\n'}
[0.157973] (gazebo_prep) StdoutLine: {'line': b'-- Up-to-date symlink: /home/coooper/Documents/biped/Bipedal-URDF/Gazebo Humble/install/gazebo_prep/share/gazebo_prep/local_setup.zsh\n'}
[0.158020] (gazebo_prep) StdoutLine: {'line': b'-- Up-to-date symlink: /home/coooper/Documents/biped/Bipedal-URDF/Gazebo Humble/install/gazebo_prep/share/gazebo_prep/local_setup.dsv\n'}
[0.158057] (gazebo_prep) StdoutLine: {'line': b'-- Symlinking: /home/coooper/Documents/biped/Bipedal-URDF/Gazebo Humble/install/gazebo_prep/share/gazebo_prep/package.dsv\n'}
[0.162152] (gazebo_prep) StdoutLine: {'line': b'-- Up-to-date symlink: /home/coooper/Documents/biped/Bipedal-URDF/Gazebo Humble/install/gazebo_prep/share/ament_index/resource_index/packages/gazebo_prep\n'}
[0.162240] (gazebo_prep) StdoutLine: {'line': b'-- Up-to-date symlink: /home/coooper/Documents/biped/Bipedal-URDF/Gazebo Humble/install/gazebo_prep/share/gazebo_prep/cmake/gazebo_prepConfig.cmake\n'}
[0.162296] (gazebo_prep) StdoutLine: {'line': b'-- Up-to-date symlink: /home/coooper/Documents/biped/Bipedal-URDF/Gazebo Humble/install/gazebo_prep/share/gazebo_prep/cmake/gazebo_prepConfig-version.cmake\n'}
[0.162362] (gazebo_prep) StdoutLine: {'line': b'-- Up-to-date symlink: /home/coooper/Documents/biped/Bipedal-URDF/Gazebo Humble/install/gazebo_prep/share/gazebo_prep/package.xml\n'}
[0.177461] (gazebo_prep) StdoutLine: {'line': b"Listing '/home/coooper/Documents/biped/Bipedal-URDF/Gazebo Humble/install/gazebo_prep/local/lib/python3.10/dist-packages/gazebo_prep'...\n"}
[0.181992] (gazebo_prep) CommandEnded: {'returncode': 0}
[0.189147] (gazebo_prep) JobEnded: {'identifier': 'gazebo_prep', 'rc': 0}
[0.189501] (-) EventReactorShutdown: {}
