running egg_info
writing ../../build/biped_rviz_launch_suite/biped_rviz_launch_suite.egg-info/PKG-INFO
writing dependency_links to ../../build/biped_rviz_launch_suite/biped_rviz_launch_suite.egg-info/dependency_links.txt
writing entry points to ../../build/biped_rviz_launch_suite/biped_rviz_launch_suite.egg-info/entry_points.txt
writing requirements to ../../build/biped_rviz_launch_suite/biped_rviz_launch_suite.egg-info/requires.txt
writing top-level names to ../../build/biped_rviz_launch_suite/biped_rviz_launch_suite.egg-info/top_level.txt
reading manifest file '../../build/biped_rviz_launch_suite/biped_rviz_launch_suite.egg-info/SOURCES.txt'
writing manifest file '../../build/biped_rviz_launch_suite/biped_rviz_launch_suite.egg-info/SOURCES.txt'
running build
running build_py
copying biped_rviz_launch_suite/__init__.py -> /home/coooper/Documents/biped/Bipedal-URDF/URDF development/URDF RViz ws/build/biped_rviz_launch_suite/build/lib/biped_rviz_launch_suite
running install
running install_lib
copying /home/coooper/Documents/biped/Bipedal-URDF/URDF development/URDF RViz ws/build/biped_rviz_launch_suite/build/lib/biped_rviz_launch_suite/__init__.py -> /home/coooper/Documents/biped/Bipedal-URDF/URDF development/URDF RViz ws/install/biped_rviz_launch_suite/lib/python3.10/site-packages/biped_rviz_launch_suite
byte-compiling /home/coooper/Documents/biped/Bipedal-URDF/URDF development/URDF RViz ws/install/biped_rviz_launch_suite/lib/python3.10/site-packages/biped_rviz_launch_suite/__init__.py to __init__.cpython-310.pyc
running install_data
copying resource/biped_rviz_launch_suite -> /home/coooper/Documents/biped/Bipedal-URDF/URDF development/URDF RViz ws/install/biped_rviz_launch_suite/share/ament_index/resource_index/packages
copying package.xml -> /home/coooper/Documents/biped/Bipedal-URDF/URDF development/URDF RViz ws/install/biped_rviz_launch_suite/share/biped_rviz_launch_suite
creating /home/coooper/Documents/biped/Bipedal-URDF/URDF development/URDF RViz ws/install/biped_rviz_launch_suite/share/biped_rviz_launch_suite/launch
copying launch/bipedal_export_temp_visual_display.launch.py -> /home/coooper/Documents/biped/Bipedal-URDF/URDF development/URDF RViz ws/install/biped_rviz_launch_suite/share/biped_rviz_launch_suite/launch
copying launch/bipedal_visual_display.launch.py -> /home/coooper/Documents/biped/Bipedal-URDF/URDF development/URDF RViz ws/install/biped_rviz_launch_suite/share/biped_rviz_launch_suite/launch
copying launch/bipedal_export_temp_xacro_display.launch.py -> /home/coooper/Documents/biped/Bipedal-URDF/URDF development/URDF RViz ws/install/biped_rviz_launch_suite/share/biped_rviz_launch_suite/launch
copying launch/assembly_view_display.launch.py -> /home/coooper/Documents/biped/Bipedal-URDF/URDF development/URDF RViz ws/install/biped_rviz_launch_suite/share/biped_rviz_launch_suite/launch
copying launch/bipedal_clean_visual_display.launch.py -> /home/coooper/Documents/biped/Bipedal-URDF/URDF development/URDF RViz ws/install/biped_rviz_launch_suite/share/biped_rviz_launch_suite/launch
copying launch/bipedal_xacro_display.launch.py -> /home/coooper/Documents/biped/Bipedal-URDF/URDF development/URDF RViz ws/install/biped_rviz_launch_suite/share/biped_rviz_launch_suite/launch
copying launch/bipedal_urdf_xacro_display.launch.py -> /home/coooper/Documents/biped/Bipedal-URDF/URDF development/URDF RViz ws/install/biped_rviz_launch_suite/share/biped_rviz_launch_suite/launch
copying launch/assembly_xacro_display.launch.py -> /home/coooper/Documents/biped/Bipedal-URDF/URDF development/URDF RViz ws/install/biped_rviz_launch_suite/share/biped_rviz_launch_suite/launch
copying launch/urdf_xacro_display.launch.py -> /home/coooper/Documents/biped/Bipedal-URDF/URDF development/URDF RViz ws/install/biped_rviz_launch_suite/share/biped_rviz_launch_suite/launch
creating /home/coooper/Documents/biped/Bipedal-URDF/URDF development/URDF RViz ws/install/biped_rviz_launch_suite/share/biped_rviz_launch_suite/assets
creating /home/coooper/Documents/biped/Bipedal-URDF/URDF development/URDF RViz ws/install/biped_rviz_launch_suite/share/biped_rviz_launch_suite/assets/bipedal_export_temp_description
creating /home/coooper/Documents/biped/Bipedal-URDF/URDF development/URDF RViz ws/install/biped_rviz_launch_suite/share/biped_rviz_launch_suite/assets/bipedal_export_temp_description/config
copying assets/bipedal_export_temp_description/config/README.md -> /home/coooper/Documents/biped/Bipedal-URDF/URDF development/URDF RViz ws/install/biped_rviz_launch_suite/share/biped_rviz_launch_suite/assets/bipedal_export_temp_description/config
copying assets/bipedal_export_temp_description/config/display.rviz -> /home/coooper/Documents/biped/Bipedal-URDF/URDF development/URDF RViz ws/install/biped_rviz_launch_suite/share/biped_rviz_launch_suite/assets/bipedal_export_temp_description/config
creating /home/coooper/Documents/biped/Bipedal-URDF/URDF development/URDF RViz ws/install/biped_rviz_launch_suite/share/biped_rviz_launch_suite/assets/bipedal_export_temp_description/meshes
copying assets/bipedal_export_temp_description/meshes/top_femur__3__1.stl -> /home/coooper/Documents/biped/Bipedal-URDF/URDF development/URDF RViz ws/install/biped_rviz_launch_suite/share/biped_rviz_launch_suite/assets/bipedal_export_temp_description/meshes
copying assets/bipedal_export_temp_description/meshes/Bonka battery.stl -> /home/coooper/Documents/biped/Bipedal-URDF/URDF development/URDF RViz ws/install/biped_rviz_launch_suite/share/biped_rviz_launch_suite/assets/bipedal_export_temp_description/meshes
copying assets/bipedal_export_temp_description/meshes/motor__1__1.stl -> /home/coooper/Documents/biped/Bipedal-URDF/URDF development/URDF RViz ws/install/biped_rviz_launch_suite/share/biped_rviz_launch_suite/assets/bipedal_export_temp_description/meshes
copying assets/bipedal_export_temp_description/meshes/README.md -> /home/coooper/Documents/biped/Bipedal-URDF/URDF development/URDF RViz ws/install/biped_rviz_launch_suite/share/biped_rviz_launch_suite/assets/bipedal_export_temp_description/meshes
copying assets/bipedal_export_temp_description/meshes/Configuration 1 (1).stl -> /home/coooper/Documents/biped/Bipedal-URDF/URDF development/URDF RViz ws/install/biped_rviz_launch_suite/share/biped_rviz_launch_suite/assets/bipedal_export_temp_description/meshes
copying assets/bipedal_export_temp_description/meshes/ax-12__2__1.stl -> /home/coooper/Documents/biped/Bipedal-URDF/URDF development/URDF RViz ws/install/biped_rviz_launch_suite/share/biped_rviz_launch_suite/assets/bipedal_export_temp_description/meshes
copying assets/bipedal_export_temp_description/meshes/ax-12__1__1.stl -> /home/coooper/Documents/biped/Bipedal-URDF/URDF development/URDF RViz ws/install/biped_rviz_launch_suite/share/biped_rviz_launch_suite/assets/bipedal_export_temp_description/meshes
copying assets/bipedal_export_temp_description/meshes/botom_femur__3__1.stl -> /home/coooper/Documents/biped/Bipedal-URDF/URDF development/URDF RViz ws/install/biped_rviz_launch_suite/share/biped_rviz_launch_suite/assets/bipedal_export_temp_description/meshes
copying assets/bipedal_export_temp_description/meshes/botom_femur__2__1.stl -> /home/coooper/Documents/biped/Bipedal-URDF/URDF development/URDF RViz ws/install/biped_rviz_launch_suite/share/biped_rviz_launch_suite/assets/bipedal_export_temp_description/meshes
copying assets/bipedal_export_temp_description/meshes/top_femur__1__1.stl -> /home/coooper/Documents/biped/Bipedal-URDF/URDF development/URDF RViz ws/install/biped_rviz_launch_suite/share/biped_rviz_launch_suite/assets/bipedal_export_temp_description/meshes
copying assets/bipedal_export_temp_description/meshes/botom_femur__1__1.stl -> /home/coooper/Documents/biped/Bipedal-URDF/URDF development/URDF RViz ws/install/biped_rviz_launch_suite/share/biped_rviz_launch_suite/assets/bipedal_export_temp_description/meshes
copying assets/bipedal_export_temp_description/meshes/tibia_1_1.stl -> /home/coooper/Documents/biped/Bipedal-URDF/URDF development/URDF RViz ws/install/biped_rviz_launch_suite/share/biped_rviz_launch_suite/assets/bipedal_export_temp_description/meshes
copying assets/bipedal_export_temp_description/meshes/tibia_2_1.stl -> /home/coooper/Documents/biped/Bipedal-URDF/URDF development/URDF RViz ws/install/biped_rviz_launch_suite/share/biped_rviz_launch_suite/assets/bipedal_export_temp_description/meshes
copying assets/bipedal_export_temp_description/meshes/motor_1.stl -> /home/coooper/Documents/biped/Bipedal-URDF/URDF development/URDF RViz ws/install/biped_rviz_launch_suite/share/biped_rviz_launch_suite/assets/bipedal_export_temp_description/meshes
copying assets/bipedal_export_temp_description/meshes/ax-12_1.stl -> /home/coooper/Documents/biped/Bipedal-URDF/URDF development/URDF RViz ws/install/biped_rviz_launch_suite/share/biped_rviz_launch_suite/assets/bipedal_export_temp_description/meshes
copying assets/bipedal_export_temp_description/meshes/Configuration_1_1.stl -> /home/coooper/Documents/biped/Bipedal-URDF/URDF development/URDF RViz ws/install/biped_rviz_launch_suite/share/biped_rviz_launch_suite/assets/bipedal_export_temp_description/meshes
copying assets/bipedal_export_temp_description/meshes/ax-12__3__1.stl -> /home/coooper/Documents/biped/Bipedal-URDF/URDF development/URDF RViz ws/install/biped_rviz_launch_suite/share/biped_rviz_launch_suite/assets/bipedal_export_temp_description/meshes
copying assets/bipedal_export_temp_description/meshes/tibia_2__1__1.stl -> /home/coooper/Documents/biped/Bipedal-URDF/URDF development/URDF RViz ws/install/biped_rviz_launch_suite/share/biped_rviz_launch_suite/assets/bipedal_export_temp_description/meshes
copying assets/bipedal_export_temp_description/meshes/top_femur_1.stl -> /home/coooper/Documents/biped/Bipedal-URDF/URDF development/URDF RViz ws/install/biped_rviz_launch_suite/share/biped_rviz_launch_suite/assets/bipedal_export_temp_description/meshes
copying assets/bipedal_export_temp_description/meshes/Configuration_1__2__1.stl -> /home/coooper/Documents/biped/Bipedal-URDF/URDF development/URDF RViz ws/install/biped_rviz_launch_suite/share/biped_rviz_launch_suite/assets/bipedal_export_temp_description/meshes
copying assets/bipedal_export_temp_description/meshes/tibia_1__1__1.stl -> /home/coooper/Documents/biped/Bipedal-URDF/URDF development/URDF RViz ws/install/biped_rviz_launch_suite/share/biped_rviz_launch_suite/assets/bipedal_export_temp_description/meshes
copying assets/bipedal_export_temp_description/meshes/top_femur__2__1.stl -> /home/coooper/Documents/biped/Bipedal-URDF/URDF development/URDF RViz ws/install/biped_rviz_launch_suite/share/biped_rviz_launch_suite/assets/bipedal_export_temp_description/meshes
copying assets/bipedal_export_temp_description/meshes/base_link.stl -> /home/coooper/Documents/biped/Bipedal-URDF/URDF development/URDF RViz ws/install/biped_rviz_launch_suite/share/biped_rviz_launch_suite/assets/bipedal_export_temp_description/meshes
copying assets/bipedal_export_temp_description/meshes/botom_femur_1.stl -> /home/coooper/Documents/biped/Bipedal-URDF/URDF development/URDF RViz ws/install/biped_rviz_launch_suite/share/biped_rviz_launch_suite/assets/bipedal_export_temp_description/meshes
copying assets/bipedal_export_temp_description/meshes/Bonka_battery__1__1.stl -> /home/coooper/Documents/biped/Bipedal-URDF/URDF development/URDF RViz ws/install/biped_rviz_launch_suite/share/biped_rviz_launch_suite/assets/bipedal_export_temp_description/meshes
creating /home/coooper/Documents/biped/Bipedal-URDF/URDF development/URDF RViz ws/install/biped_rviz_launch_suite/share/biped_rviz_launch_suite/assets/bipedal_export_temp_description/urdf
copying assets/bipedal_export_temp_description/urdf/README.md -> /home/coooper/Documents/biped/Bipedal-URDF/URDF development/URDF RViz ws/install/biped_rviz_launch_suite/share/biped_rviz_launch_suite/assets/bipedal_export_temp_description/urdf
copying assets/bipedal_export_temp_description/urdf/bipedal_export_temp.xacro -> /home/coooper/Documents/biped/Bipedal-URDF/URDF development/URDF RViz ws/install/biped_rviz_launch_suite/share/biped_rviz_launch_suite/assets/bipedal_export_temp_description/urdf
copying assets/bipedal_export_temp_description/urdf/bipedal_export_temp.gazebo -> /home/coooper/Documents/biped/Bipedal-URDF/URDF development/URDF RViz ws/install/biped_rviz_launch_suite/share/biped_rviz_launch_suite/assets/bipedal_export_temp_description/urdf
copying assets/bipedal_export_temp_description/urdf/bipedal_clean_visual.urdf -> /home/coooper/Documents/biped/Bipedal-URDF/URDF development/URDF RViz ws/install/biped_rviz_launch_suite/share/biped_rviz_launch_suite/assets/bipedal_export_temp_description/urdf
copying assets/bipedal_export_temp_description/urdf/materials.xacro -> /home/coooper/Documents/biped/Bipedal-URDF/URDF development/URDF RViz ws/install/biped_rviz_launch_suite/share/biped_rviz_launch_suite/assets/bipedal_export_temp_description/urdf
copying assets/bipedal_export_temp_description/urdf/bipedal_export_temp_visual.urdf -> /home/coooper/Documents/biped/Bipedal-URDF/URDF development/URDF RViz ws/install/biped_rviz_launch_suite/share/biped_rviz_launch_suite/assets/bipedal_export_temp_description/urdf
copying assets/bipedal_export_temp_description/urdf/bipedal_export_temp.trans -> /home/coooper/Documents/biped/Bipedal-URDF/URDF development/URDF RViz ws/install/biped_rviz_launch_suite/share/biped_rviz_launch_suite/assets/bipedal_export_temp_description/urdf
creating /home/coooper/Documents/biped/Bipedal-URDF/URDF development/URDF RViz ws/install/biped_rviz_launch_suite/share/biped_rviz_launch_suite/assets/bipedal_description
creating /home/coooper/Documents/biped/Bipedal-URDF/URDF development/URDF RViz ws/install/biped_rviz_launch_suite/share/biped_rviz_launch_suite/assets/bipedal_description/config
copying assets/bipedal_description/config/README.md -> /home/coooper/Documents/biped/Bipedal-URDF/URDF development/URDF RViz ws/install/biped_rviz_launch_suite/share/biped_rviz_launch_suite/assets/bipedal_description/config
copying assets/bipedal_description/config/display.rviz -> /home/coooper/Documents/biped/Bipedal-URDF/URDF development/URDF RViz ws/install/biped_rviz_launch_suite/share/biped_rviz_launch_suite/assets/bipedal_description/config
creating /home/coooper/Documents/biped/Bipedal-URDF/URDF development/URDF RViz ws/install/biped_rviz_launch_suite/share/biped_rviz_launch_suite/assets/bipedal_description/meshes
copying assets/bipedal_description/meshes/README.md -> /home/coooper/Documents/biped/Bipedal-URDF/URDF development/URDF RViz ws/install/biped_rviz_launch_suite/share/biped_rviz_launch_suite/assets/bipedal_description/meshes
copying assets/bipedal_description/meshes/right_upper_femur.stl -> /home/coooper/Documents/biped/Bipedal-URDF/URDF development/URDF RViz ws/install/biped_rviz_launch_suite/share/biped_rviz_launch_suite/assets/bipedal_description/meshes
copying assets/bipedal_description/meshes/right_tibia.stl -> /home/coooper/Documents/biped/Bipedal-URDF/URDF development/URDF RViz ws/install/biped_rviz_launch_suite/share/biped_rviz_launch_suite/assets/bipedal_description/meshes
copying assets/bipedal_description/meshes/inner_linkage_1.stl -> /home/coooper/Documents/biped/Bipedal-URDF/URDF development/URDF RViz ws/install/biped_rviz_launch_suite/share/biped_rviz_launch_suite/assets/bipedal_description/meshes
copying assets/bipedal_description/meshes/left_lower_femur.stl -> /home/coooper/Documents/biped/Bipedal-URDF/URDF development/URDF RViz ws/install/biped_rviz_launch_suite/share/biped_rviz_launch_suite/assets/bipedal_description/meshes
copying assets/bipedal_description/meshes/left_upper_femur.stl -> /home/coooper/Documents/biped/Bipedal-URDF/URDF development/URDF RViz ws/install/biped_rviz_launch_suite/share/biped_rviz_launch_suite/assets/bipedal_description/meshes
copying assets/bipedal_description/meshes/base_link.stl -> /home/coooper/Documents/biped/Bipedal-URDF/URDF development/URDF RViz ws/install/biped_rviz_launch_suite/share/biped_rviz_launch_suite/assets/bipedal_description/meshes
copying assets/bipedal_description/meshes/inner_linkage_2.stl -> /home/coooper/Documents/biped/Bipedal-URDF/URDF development/URDF RViz ws/install/biped_rviz_launch_suite/share/biped_rviz_launch_suite/assets/bipedal_description/meshes
copying assets/bipedal_description/meshes/left_tibia.stl -> /home/coooper/Documents/biped/Bipedal-URDF/URDF development/URDF RViz ws/install/biped_rviz_launch_suite/share/biped_rviz_launch_suite/assets/bipedal_description/meshes
copying assets/bipedal_description/meshes/right_lower_femur.stl -> /home/coooper/Documents/biped/Bipedal-URDF/URDF development/URDF RViz ws/install/biped_rviz_launch_suite/share/biped_rviz_launch_suite/assets/bipedal_description/meshes
creating /home/coooper/Documents/biped/Bipedal-URDF/URDF development/URDF RViz ws/install/biped_rviz_launch_suite/share/biped_rviz_launch_suite/assets/bipedal_description/urdf
copying assets/bipedal_description/urdf/rename_script.py -> /home/coooper/Documents/biped/Bipedal-URDF/URDF development/URDF RViz ws/install/biped_rviz_launch_suite/share/biped_rviz_launch_suite/assets/bipedal_description/urdf
copying assets/bipedal_description/urdf/README.md -> /home/coooper/Documents/biped/Bipedal-URDF/URDF development/URDF RViz ws/install/biped_rviz_launch_suite/share/biped_rviz_launch_suite/assets/bipedal_description/urdf
copying assets/bipedal_description/urdf/bipedal.xacro -> /home/coooper/Documents/biped/Bipedal-URDF/URDF development/URDF RViz ws/install/biped_rviz_launch_suite/share/biped_rviz_launch_suite/assets/bipedal_description/urdf
copying assets/bipedal_description/urdf/bipedal.urdf.xacro -> /home/coooper/Documents/biped/Bipedal-URDF/URDF development/URDF RViz ws/install/biped_rviz_launch_suite/share/biped_rviz_launch_suite/assets/bipedal_description/urdf
copying assets/bipedal_description/urdf/fix.py -> /home/coooper/Documents/biped/Bipedal-URDF/URDF development/URDF RViz ws/install/biped_rviz_launch_suite/share/biped_rviz_launch_suite/assets/bipedal_description/urdf
copying assets/bipedal_description/urdf/bipedal_visual.urdf -> /home/coooper/Documents/biped/Bipedal-URDF/URDF development/URDF RViz ws/install/biped_rviz_launch_suite/share/biped_rviz_launch_suite/assets/bipedal_description/urdf
copying assets/bipedal_description/urdf/bipedal.trans -> /home/coooper/Documents/biped/Bipedal-URDF/URDF development/URDF RViz ws/install/biped_rviz_launch_suite/share/biped_rviz_launch_suite/assets/bipedal_description/urdf
copying assets/bipedal_description/urdf/sync.py -> /home/coooper/Documents/biped/Bipedal-URDF/URDF development/URDF RViz ws/install/biped_rviz_launch_suite/share/biped_rviz_launch_suite/assets/bipedal_description/urdf
copying assets/bipedal_description/urdf/align.py -> /home/coooper/Documents/biped/Bipedal-URDF/URDF development/URDF RViz ws/install/biped_rviz_launch_suite/share/biped_rviz_launch_suite/assets/bipedal_description/urdf
copying assets/bipedal_description/urdf/materials.xacro -> /home/coooper/Documents/biped/Bipedal-URDF/URDF development/URDF RViz ws/install/biped_rviz_launch_suite/share/biped_rviz_launch_suite/assets/bipedal_description/urdf
copying assets/bipedal_description/urdf/bipedal.gazebo -> /home/coooper/Documents/biped/Bipedal-URDF/URDF development/URDF RViz ws/install/biped_rviz_launch_suite/share/biped_rviz_launch_suite/assets/bipedal_description/urdf
creating /home/coooper/Documents/biped/Bipedal-URDF/URDF development/URDF RViz ws/install/biped_rviz_launch_suite/share/biped_rviz_launch_suite/assets/URDF_description
creating /home/coooper/Documents/biped/Bipedal-URDF/URDF development/URDF RViz ws/install/biped_rviz_launch_suite/share/biped_rviz_launch_suite/assets/URDF_description/config
copying assets/URDF_description/config/display.rviz -> /home/coooper/Documents/biped/Bipedal-URDF/URDF development/URDF RViz ws/install/biped_rviz_launch_suite/share/biped_rviz_launch_suite/assets/URDF_description/config
creating /home/coooper/Documents/biped/Bipedal-URDF/URDF development/URDF RViz ws/install/biped_rviz_launch_suite/share/biped_rviz_launch_suite/assets/URDF_description/meshes
copying assets/URDF_description/meshes/combined_motor_tibia__1__1.stl -> /home/coooper/Documents/biped/Bipedal-URDF/URDF development/URDF RViz ws/install/biped_rviz_launch_suite/share/biped_rviz_launch_suite/assets/URDF_description/meshes
copying assets/URDF_description/meshes/Combined_femur__3__1.stl -> /home/coooper/Documents/biped/Bipedal-URDF/URDF development/URDF RViz ws/install/biped_rviz_launch_suite/share/biped_rviz_launch_suite/assets/URDF_description/meshes
copying assets/URDF_description/meshes/combined_motor_tibia_1.stl -> /home/coooper/Documents/biped/Bipedal-URDF/URDF development/URDF RViz ws/install/biped_rviz_launch_suite/share/biped_rviz_launch_suite/assets/URDF_description/meshes
copying assets/URDF_description/meshes/tibia_2_1.stl -> /home/coooper/Documents/biped/Bipedal-URDF/URDF development/URDF RViz ws/install/biped_rviz_launch_suite/share/biped_rviz_launch_suite/assets/URDF_description/meshes
copying assets/URDF_description/meshes/tibia_2__1__1.stl -> /home/coooper/Documents/biped/Bipedal-URDF/URDF development/URDF RViz ws/install/biped_rviz_launch_suite/share/biped_rviz_launch_suite/assets/URDF_description/meshes
copying assets/URDF_description/meshes/Combined_femur_1.stl -> /home/coooper/Documents/biped/Bipedal-URDF/URDF development/URDF RViz ws/install/biped_rviz_launch_suite/share/biped_rviz_launch_suite/assets/URDF_description/meshes
copying assets/URDF_description/meshes/Combined_femur__1__1.stl -> /home/coooper/Documents/biped/Bipedal-URDF/URDF development/URDF RViz ws/install/biped_rviz_launch_suite/share/biped_rviz_launch_suite/assets/URDF_description/meshes
copying assets/URDF_description/meshes/base_link.stl -> /home/coooper/Documents/biped/Bipedal-URDF/URDF development/URDF RViz ws/install/biped_rviz_launch_suite/share/biped_rviz_launch_suite/assets/URDF_description/meshes
copying assets/URDF_description/meshes/Combined_femur__2__1.stl -> /home/coooper/Documents/biped/Bipedal-URDF/URDF development/URDF RViz ws/install/biped_rviz_launch_suite/share/biped_rviz_launch_suite/assets/URDF_description/meshes
creating /home/coooper/Documents/biped/Bipedal-URDF/URDF development/URDF RViz ws/install/biped_rviz_launch_suite/share/biped_rviz_launch_suite/assets/URDF_description/urdf
copying assets/URDF_description/urdf/URDF.gazebo -> /home/coooper/Documents/biped/Bipedal-URDF/URDF development/URDF RViz ws/install/biped_rviz_launch_suite/share/biped_rviz_launch_suite/assets/URDF_description/urdf
copying assets/URDF_description/urdf/URDF.xacro -> /home/coooper/Documents/biped/Bipedal-URDF/URDF development/URDF RViz ws/install/biped_rviz_launch_suite/share/biped_rviz_launch_suite/assets/URDF_description/urdf
copying assets/URDF_description/urdf/materials.xacro -> /home/coooper/Documents/biped/Bipedal-URDF/URDF development/URDF RViz ws/install/biped_rviz_launch_suite/share/biped_rviz_launch_suite/assets/URDF_description/urdf
copying assets/URDF_description/urdf/URDF.trans -> /home/coooper/Documents/biped/Bipedal-URDF/URDF development/URDF RViz ws/install/biped_rviz_launch_suite/share/biped_rviz_launch_suite/assets/URDF_description/urdf
creating /home/coooper/Documents/biped/Bipedal-URDF/URDF development/URDF RViz ws/install/biped_rviz_launch_suite/share/biped_rviz_launch_suite/assets/assembly_description
creating /home/coooper/Documents/biped/Bipedal-URDF/URDF development/URDF RViz ws/install/biped_rviz_launch_suite/share/biped_rviz_launch_suite/assets/assembly_description/config
copying assets/assembly_description/config/README.md -> /home/coooper/Documents/biped/Bipedal-URDF/URDF development/URDF RViz ws/install/biped_rviz_launch_suite/share/biped_rviz_launch_suite/assets/assembly_description/config
copying assets/assembly_description/config/display.rviz -> /home/coooper/Documents/biped/Bipedal-URDF/URDF development/URDF RViz ws/install/biped_rviz_launch_suite/share/biped_rviz_launch_suite/assets/assembly_description/config
creating /home/coooper/Documents/biped/Bipedal-URDF/URDF development/URDF RViz ws/install/biped_rviz_launch_suite/share/biped_rviz_launch_suite/assets/assembly_description/meshes
copying assets/assembly_description/meshes/pelvis.stl -> /home/coooper/Documents/biped/Bipedal-URDF/URDF development/URDF RViz ws/install/biped_rviz_launch_suite/share/biped_rviz_launch_suite/assets/assembly_description/meshes
copying assets/assembly_description/meshes/right_femur_front.stl -> /home/coooper/Documents/biped/Bipedal-URDF/URDF development/URDF RViz ws/install/biped_rviz_launch_suite/share/biped_rviz_launch_suite/assets/assembly_description/meshes
copying assets/assembly_description/meshes/README.md -> /home/coooper/Documents/biped/Bipedal-URDF/URDF development/URDF RViz ws/install/biped_rviz_launch_suite/share/biped_rviz_launch_suite/assets/assembly_description/meshes
copying assets/assembly_description/meshes/combined_motor_tibia__1__1.stl -> /home/coooper/Documents/biped/Bipedal-URDF/URDF development/URDF RViz ws/install/biped_rviz_launch_suite/share/biped_rviz_launch_suite/assets/assembly_description/meshes
copying assets/assembly_description/meshes/right_shank_front.stl -> /home/coooper/Documents/biped/Bipedal-URDF/URDF development/URDF RViz ws/install/biped_rviz_launch_suite/share/biped_rviz_launch_suite/assets/assembly_description/meshes
copying assets/assembly_description/meshes/left_femur_rear.stl -> /home/coooper/Documents/biped/Bipedal-URDF/URDF development/URDF RViz ws/install/biped_rviz_launch_suite/share/biped_rviz_launch_suite/assets/assembly_description/meshes
copying assets/assembly_description/meshes/left_femur_front.stl -> /home/coooper/Documents/biped/Bipedal-URDF/URDF development/URDF RViz ws/install/biped_rviz_launch_suite/share/biped_rviz_launch_suite/assets/assembly_description/meshes
copying assets/assembly_description/meshes/Combined_femur__3__1.stl -> /home/coooper/Documents/biped/Bipedal-URDF/URDF development/URDF RViz ws/install/biped_rviz_launch_suite/share/biped_rviz_launch_suite/assets/assembly_description/meshes
copying assets/assembly_description/meshes/left_shank_front.stl -> /home/coooper/Documents/biped/Bipedal-URDF/URDF development/URDF RViz ws/install/biped_rviz_launch_suite/share/biped_rviz_launch_suite/assets/assembly_description/meshes
copying assets/assembly_description/meshes/combined_motor_tibia_1.stl -> /home/coooper/Documents/biped/Bipedal-URDF/URDF development/URDF RViz ws/install/biped_rviz_launch_suite/share/biped_rviz_launch_suite/assets/assembly_description/meshes
copying assets/assembly_description/meshes/tibia_2_1.stl -> /home/coooper/Documents/biped/Bipedal-URDF/URDF development/URDF RViz ws/install/biped_rviz_launch_suite/share/biped_rviz_launch_suite/assets/assembly_description/meshes
copying assets/assembly_description/meshes/tibia_2__1__1.stl -> /home/coooper/Documents/biped/Bipedal-URDF/URDF development/URDF RViz ws/install/biped_rviz_launch_suite/share/biped_rviz_launch_suite/assets/assembly_description/meshes
copying assets/assembly_description/meshes/Combined_femur_1.stl -> /home/coooper/Documents/biped/Bipedal-URDF/URDF development/URDF RViz ws/install/biped_rviz_launch_suite/share/biped_rviz_launch_suite/assets/assembly_description/meshes
copying assets/assembly_description/meshes/right_femur_rear.stl -> /home/coooper/Documents/biped/Bipedal-URDF/URDF development/URDF RViz ws/install/biped_rviz_launch_suite/share/biped_rviz_launch_suite/assets/assembly_description/meshes
copying assets/assembly_description/meshes/Combined_femur__1__1.stl -> /home/coooper/Documents/biped/Bipedal-URDF/URDF development/URDF RViz ws/install/biped_rviz_launch_suite/share/biped_rviz_launch_suite/assets/assembly_description/meshes
copying assets/assembly_description/meshes/base_link.stl -> /home/coooper/Documents/biped/Bipedal-URDF/URDF development/URDF RViz ws/install/biped_rviz_launch_suite/share/biped_rviz_launch_suite/assets/assembly_description/meshes
copying assets/assembly_description/meshes/right_shank_rear.stl -> /home/coooper/Documents/biped/Bipedal-URDF/URDF development/URDF RViz ws/install/biped_rviz_launch_suite/share/biped_rviz_launch_suite/assets/assembly_description/meshes
copying assets/assembly_description/meshes/left_shank_rear.stl -> /home/coooper/Documents/biped/Bipedal-URDF/URDF development/URDF RViz ws/install/biped_rviz_launch_suite/share/biped_rviz_launch_suite/assets/assembly_description/meshes
copying assets/assembly_description/meshes/Combined_femur__2__1.stl -> /home/coooper/Documents/biped/Bipedal-URDF/URDF development/URDF RViz ws/install/biped_rviz_launch_suite/share/biped_rviz_launch_suite/assets/assembly_description/meshes
creating /home/coooper/Documents/biped/Bipedal-URDF/URDF development/URDF RViz ws/install/biped_rviz_launch_suite/share/biped_rviz_launch_suite/assets/assembly_description/urdf
copying assets/assembly_description/urdf/assembly.trans -> /home/coooper/Documents/biped/Bipedal-URDF/URDF development/URDF RViz ws/install/biped_rviz_launch_suite/share/biped_rviz_launch_suite/assets/assembly_description/urdf
copying assets/assembly_description/urdf/assembly.gazebo -> /home/coooper/Documents/biped/Bipedal-URDF/URDF development/URDF RViz ws/install/biped_rviz_launch_suite/share/biped_rviz_launch_suite/assets/assembly_description/urdf
copying assets/assembly_description/urdf/README.md -> /home/coooper/Documents/biped/Bipedal-URDF/URDF development/URDF RViz ws/install/biped_rviz_launch_suite/share/biped_rviz_launch_suite/assets/assembly_description/urdf
copying assets/assembly_description/urdf/assembly.urdf -> /home/coooper/Documents/biped/Bipedal-URDF/URDF development/URDF RViz ws/install/biped_rviz_launch_suite/share/biped_rviz_launch_suite/assets/assembly_description/urdf
copying assets/assembly_description/urdf/assembly.xacro -> /home/coooper/Documents/biped/Bipedal-URDF/URDF development/URDF RViz ws/install/biped_rviz_launch_suite/share/biped_rviz_launch_suite/assets/assembly_description/urdf
copying assets/assembly_description/urdf/materials.xacro -> /home/coooper/Documents/biped/Bipedal-URDF/URDF development/URDF RViz ws/install/biped_rviz_launch_suite/share/biped_rviz_launch_suite/assets/assembly_description/urdf
copying assets/assembly_description/urdf/generate_urdf.py -> /home/coooper/Documents/biped/Bipedal-URDF/URDF development/URDF RViz ws/install/biped_rviz_launch_suite/share/biped_rviz_launch_suite/assets/assembly_description/urdf
copying assets/assembly_description/urdf/assembly_view.urdf -> /home/coooper/Documents/biped/Bipedal-URDF/URDF development/URDF RViz ws/install/biped_rviz_launch_suite/share/biped_rviz_launch_suite/assets/assembly_description/urdf
running install_egg_info
Copying ../../build/biped_rviz_launch_suite/biped_rviz_launch_suite.egg-info to /home/coooper/Documents/biped/Bipedal-URDF/URDF development/URDF RViz ws/install/biped_rviz_launch_suite/lib/python3.10/site-packages/biped_rviz_launch_suite-0.0.0-py3.10.egg-info
running install_scripts
Installing five_bar_state_publisher script to /home/coooper/Documents/biped/Bipedal-URDF/URDF development/URDF RViz ws/install/biped_rviz_launch_suite/lib/biped_rviz_launch_suite
writing list of installed files to '/home/coooper/Documents/biped/Bipedal-URDF/URDF development/URDF RViz ws/build/biped_rviz_launch_suite/install.log'
