[0.266s] Invoking command in '/home/coooper/Documents/biped/Bipedal-URDF/URDF development/URDF RViz ws/src/rviz_launch_suite': PYTHONPATH=/home/coooper/Documents/biped/Bipedal-URDF/URDF development/URDF RViz ws/build/biped_rviz_launch_suite/prefix_override:/usr/lib/python3/dist-packages/colcon_core/task/python/colcon_distutils_commands:/home/coooper/Documents/biped/Bipedal-URDF/URDF development/URDF RViz ws/install/biped_rviz_launch_suite/lib/python3.10/site-packages:${PYTHONPATH} /usr/bin/python3 -W ignore:setup.py install is deprecated -W ignore:easy_install command is deprecated setup.py egg_info --egg-base ../../build/biped_rviz_launch_suite build --build-base /home/coooper/Documents/biped/Bipedal-URDF/URDF development/URDF RViz ws/build/biped_rviz_launch_suite/build install --record /home/coooper/Documents/biped/Bipedal-URDF/URDF development/URDF RViz ws/build/biped_rviz_launch_suite/install.log --install-scripts $base/lib/biped_rviz_launch_suite --single-version-externally-managed install_data
[0.363s] running egg_info
[0.363s] writing ../../build/biped_rviz_launch_suite/biped_rviz_launch_suite.egg-info/PKG-INFO
[0.363s] writing dependency_links to ../../build/biped_rviz_launch_suite/biped_rviz_launch_suite.egg-info/dependency_links.txt
[0.363s] writing entry points to ../../build/biped_rviz_launch_suite/biped_rviz_launch_suite.egg-info/entry_points.txt
[0.363s] writing requirements to ../../build/biped_rviz_launch_suite/biped_rviz_launch_suite.egg-info/requires.txt
[0.363s] writing top-level names to ../../build/biped_rviz_launch_suite/biped_rviz_launch_suite.egg-info/top_level.txt
[0.364s] reading manifest file '../../build/biped_rviz_launch_suite/biped_rviz_launch_suite.egg-info/SOURCES.txt'
[0.366s] writing manifest file '../../build/biped_rviz_launch_suite/biped_rviz_launch_suite.egg-info/SOURCES.txt'
[0.366s] running build
[0.366s] running build_py
[0.366s] copying biped_rviz_launch_suite/__init__.py -> /home/coooper/Documents/biped/Bipedal-URDF/URDF development/URDF RViz ws/build/biped_rviz_launch_suite/build/lib/biped_rviz_launch_suite
[0.366s] running install
[0.366s] running install_lib
[0.367s] copying /home/coooper/Documents/biped/Bipedal-URDF/URDF development/URDF RViz ws/build/biped_rviz_launch_suite/build/lib/biped_rviz_launch_suite/__init__.py -> /home/coooper/Documents/biped/Bipedal-URDF/URDF development/URDF RViz ws/install/biped_rviz_launch_suite/lib/python3.10/site-packages/biped_rviz_launch_suite
[0.367s] byte-compiling /home/coooper/Documents/biped/Bipedal-URDF/URDF development/URDF RViz ws/install/biped_rviz_launch_suite/lib/python3.10/site-packages/biped_rviz_launch_suite/__init__.py to __init__.cpython-310.pyc
[0.367s] running install_data
[0.367s] copying resource/biped_rviz_launch_suite -> /home/coooper/Documents/biped/Bipedal-URDF/URDF development/URDF RViz ws/install/biped_rviz_launch_suite/share/ament_index/resource_index/packages
[0.367s] copying package.xml -> /home/coooper/Documents/biped/Bipedal-URDF/URDF development/URDF RViz ws/install/biped_rviz_launch_suite/share/biped_rviz_launch_suite
[0.367s] creating /home/coooper/Documents/biped/Bipedal-URDF/URDF development/URDF RViz ws/install/biped_rviz_launch_suite/share/biped_rviz_launch_suite/launch
[0.367s] copying launch/bipedal_export_temp_visual_display.launch.py -> /home/coooper/Documents/biped/Bipedal-URDF/URDF development/URDF RViz ws/install/biped_rviz_launch_suite/share/biped_rviz_launch_suite/launch
[0.367s] copying launch/bipedal_visual_display.launch.py -> /home/coooper/Documents/biped/Bipedal-URDF/URDF development/URDF RViz ws/install/biped_rviz_launch_suite/share/biped_rviz_launch_suite/launch
[0.367s] copying launch/bipedal_export_temp_xacro_display.launch.py -> /home/coooper/Documents/biped/Bipedal-URDF/URDF development/URDF RViz ws/install/biped_rviz_launch_suite/share/biped_rviz_launch_suite/launch
[0.367s] copying launch/assembly_view_display.launch.py -> /home/coooper/Documents/biped/Bipedal-URDF/URDF development/URDF RViz ws/install/biped_rviz_launch_suite/share/biped_rviz_launch_suite/launch
[0.367s] copying launch/bipedal_clean_visual_display.launch.py -> /home/coooper/Documents/biped/Bipedal-URDF/URDF development/URDF RViz ws/install/biped_rviz_launch_suite/share/biped_rviz_launch_suite/launch
[0.367s] copying launch/bipedal_xacro_display.launch.py -> /home/coooper/Documents/biped/Bipedal-URDF/URDF development/URDF RViz ws/install/biped_rviz_launch_suite/share/biped_rviz_launch_suite/launch
[0.367s] copying launch/bipedal_urdf_xacro_display.launch.py -> /home/coooper/Documents/biped/Bipedal-URDF/URDF development/URDF RViz ws/install/biped_rviz_launch_suite/share/biped_rviz_launch_suite/launch
[0.367s] copying launch/assembly_xacro_display.launch.py -> /home/coooper/Documents/biped/Bipedal-URDF/URDF development/URDF RViz ws/install/biped_rviz_launch_suite/share/biped_rviz_launch_suite/launch
[0.367s] copying launch/urdf_xacro_display.launch.py -> /home/coooper/Documents/biped/Bipedal-URDF/URDF development/URDF RViz ws/install/biped_rviz_launch_suite/share/biped_rviz_launch_suite/launch
[0.367s] creating /home/coooper/Documents/biped/Bipedal-URDF/URDF development/URDF RViz ws/install/biped_rviz_launch_suite/share/biped_rviz_launch_suite/assets
[0.367s] creating /home/coooper/Documents/biped/Bipedal-URDF/URDF development/URDF RViz ws/install/biped_rviz_launch_suite/share/biped_rviz_launch_suite/assets/bipedal_export_temp_description
[0.368s] creating /home/coooper/Documents/biped/Bipedal-URDF/URDF development/URDF RViz ws/install/biped_rviz_launch_suite/share/biped_rviz_launch_suite/assets/bipedal_export_temp_description/config
[0.368s] copying assets/bipedal_export_temp_description/config/README.md -> /home/coooper/Documents/biped/Bipedal-URDF/URDF development/URDF RViz ws/install/biped_rviz_launch_suite/share/biped_rviz_launch_suite/assets/bipedal_export_temp_description/config
[0.368s] copying assets/bipedal_export_temp_description/config/display.rviz -> /home/coooper/Documents/biped/Bipedal-URDF/URDF development/URDF RViz ws/install/biped_rviz_launch_suite/share/biped_rviz_launch_suite/assets/bipedal_export_temp_description/config
[0.368s] creating /home/coooper/Documents/biped/Bipedal-URDF/URDF development/URDF RViz ws/install/biped_rviz_launch_suite/share/biped_rviz_launch_suite/assets/bipedal_export_temp_description/meshes
[0.368s] copying assets/bipedal_export_temp_description/meshes/top_femur__3__1.stl -> /home/coooper/Documents/biped/Bipedal-URDF/URDF development/URDF RViz ws/install/biped_rviz_launch_suite/share/biped_rviz_launch_suite/assets/bipedal_export_temp_description/meshes
[0.368s] copying assets/bipedal_export_temp_description/meshes/Bonka battery.stl -> /home/coooper/Documents/biped/Bipedal-URDF/URDF development/URDF RViz ws/install/biped_rviz_launch_suite/share/biped_rviz_launch_suite/assets/bipedal_export_temp_description/meshes
[0.368s] copying assets/bipedal_export_temp_description/meshes/motor__1__1.stl -> /home/coooper/Documents/biped/Bipedal-URDF/URDF development/URDF RViz ws/install/biped_rviz_launch_suite/share/biped_rviz_launch_suite/assets/bipedal_export_temp_description/meshes
[0.368s] copying assets/bipedal_export_temp_description/meshes/README.md -> /home/coooper/Documents/biped/Bipedal-URDF/URDF development/URDF RViz ws/install/biped_rviz_launch_suite/share/biped_rviz_launch_suite/assets/bipedal_export_temp_description/meshes
[0.368s] copying assets/bipedal_export_temp_description/meshes/Configuration 1 (1).stl -> /home/coooper/Documents/biped/Bipedal-URDF/URDF development/URDF RViz ws/install/biped_rviz_launch_suite/share/biped_rviz_launch_suite/assets/bipedal_export_temp_description/meshes
[0.368s] copying assets/bipedal_export_temp_description/meshes/ax-12__2__1.stl -> /home/coooper/Documents/biped/Bipedal-URDF/URDF development/URDF RViz ws/install/biped_rviz_launch_suite/share/biped_rviz_launch_suite/assets/bipedal_export_temp_description/meshes
[0.368s] copying assets/bipedal_export_temp_description/meshes/ax-12__1__1.stl -> /home/coooper/Documents/biped/Bipedal-URDF/URDF development/URDF RViz ws/install/biped_rviz_launch_suite/share/biped_rviz_launch_suite/assets/bipedal_export_temp_description/meshes
[0.369s] copying assets/bipedal_export_temp_description/meshes/botom_femur__3__1.stl -> /home/coooper/Documents/biped/Bipedal-URDF/URDF development/URDF RViz ws/install/biped_rviz_launch_suite/share/biped_rviz_launch_suite/assets/bipedal_export_temp_description/meshes
[0.369s] copying assets/bipedal_export_temp_description/meshes/botom_femur__2__1.stl -> /home/coooper/Documents/biped/Bipedal-URDF/URDF development/URDF RViz ws/install/biped_rviz_launch_suite/share/biped_rviz_launch_suite/assets/bipedal_export_temp_description/meshes
[0.369s] copying assets/bipedal_export_temp_description/meshes/top_femur__1__1.stl -> /home/coooper/Documents/biped/Bipedal-URDF/URDF development/URDF RViz ws/install/biped_rviz_launch_suite/share/biped_rviz_launch_suite/assets/bipedal_export_temp_description/meshes
[0.369s] copying assets/bipedal_export_temp_description/meshes/botom_femur__1__1.stl -> /home/coooper/Documents/biped/Bipedal-URDF/URDF development/URDF RViz ws/install/biped_rviz_launch_suite/share/biped_rviz_launch_suite/assets/bipedal_export_temp_description/meshes
[0.369s] copying assets/bipedal_export_temp_description/meshes/tibia_1_1.stl -> /home/coooper/Documents/biped/Bipedal-URDF/URDF development/URDF RViz ws/install/biped_rviz_launch_suite/share/biped_rviz_launch_suite/assets/bipedal_export_temp_description/meshes
[0.369s] copying assets/bipedal_export_temp_description/meshes/tibia_2_1.stl -> /home/coooper/Documents/biped/Bipedal-URDF/URDF development/URDF RViz ws/install/biped_rviz_launch_suite/share/biped_rviz_launch_suite/assets/bipedal_export_temp_description/meshes
[0.369s] copying assets/bipedal_export_temp_description/meshes/motor_1.stl -> /home/coooper/Documents/biped/Bipedal-URDF/URDF development/URDF RViz ws/install/biped_rviz_launch_suite/share/biped_rviz_launch_suite/assets/bipedal_export_temp_description/meshes
[0.369s] copying assets/bipedal_export_temp_description/meshes/ax-12_1.stl -> /home/coooper/Documents/biped/Bipedal-URDF/URDF development/URDF RViz ws/install/biped_rviz_launch_suite/share/biped_rviz_launch_suite/assets/bipedal_export_temp_description/meshes
[0.369s] copying assets/bipedal_export_temp_description/meshes/Configuration_1_1.stl -> /home/coooper/Documents/biped/Bipedal-URDF/URDF development/URDF RViz ws/install/biped_rviz_launch_suite/share/biped_rviz_launch_suite/assets/bipedal_export_temp_description/meshes
[0.369s] copying assets/bipedal_export_temp_description/meshes/ax-12__3__1.stl -> /home/coooper/Documents/biped/Bipedal-URDF/URDF development/URDF RViz ws/install/biped_rviz_launch_suite/share/biped_rviz_launch_suite/assets/bipedal_export_temp_description/meshes
[0.370s] copying assets/bipedal_export_temp_description/meshes/tibia_2__1__1.stl -> /home/coooper/Documents/biped/Bipedal-URDF/URDF development/URDF RViz ws/install/biped_rviz_launch_suite/share/biped_rviz_launch_suite/assets/bipedal_export_temp_description/meshes
[0.370s] copying assets/bipedal_export_temp_description/meshes/top_femur_1.stl -> /home/coooper/Documents/biped/Bipedal-URDF/URDF development/URDF RViz ws/install/biped_rviz_launch_suite/share/biped_rviz_launch_suite/assets/bipedal_export_temp_description/meshes
[0.370s] copying assets/bipedal_export_temp_description/meshes/Configuration_1__2__1.stl -> /home/coooper/Documents/biped/Bipedal-URDF/URDF development/URDF RViz ws/install/biped_rviz_launch_suite/share/biped_rviz_launch_suite/assets/bipedal_export_temp_description/meshes
[0.370s] copying assets/bipedal_export_temp_description/meshes/tibia_1__1__1.stl -> /home/coooper/Documents/biped/Bipedal-URDF/URDF development/URDF RViz ws/install/biped_rviz_launch_suite/share/biped_rviz_launch_suite/assets/bipedal_export_temp_description/meshes
[0.370s] copying assets/bipedal_export_temp_description/meshes/top_femur__2__1.stl -> /home/coooper/Documents/biped/Bipedal-URDF/URDF development/URDF RViz ws/install/biped_rviz_launch_suite/share/biped_rviz_launch_suite/assets/bipedal_export_temp_description/meshes
[0.370s] copying assets/bipedal_export_temp_description/meshes/base_link.stl -> /home/coooper/Documents/biped/Bipedal-URDF/URDF development/URDF RViz ws/install/biped_rviz_launch_suite/share/biped_rviz_launch_suite/assets/bipedal_export_temp_description/meshes
[0.370s] copying assets/bipedal_export_temp_description/meshes/botom_femur_1.stl -> /home/coooper/Documents/biped/Bipedal-URDF/URDF development/URDF RViz ws/install/biped_rviz_launch_suite/share/biped_rviz_launch_suite/assets/bipedal_export_temp_description/meshes
[0.370s] copying assets/bipedal_export_temp_description/meshes/Bonka_battery__1__1.stl -> /home/coooper/Documents/biped/Bipedal-URDF/URDF development/URDF RViz ws/install/biped_rviz_launch_suite/share/biped_rviz_launch_suite/assets/bipedal_export_temp_description/meshes
[0.370s] creating /home/coooper/Documents/biped/Bipedal-URDF/URDF development/URDF RViz ws/install/biped_rviz_launch_suite/share/biped_rviz_launch_suite/assets/bipedal_export_temp_description/urdf
[0.370s] copying assets/bipedal_export_temp_description/urdf/README.md -> /home/coooper/Documents/biped/Bipedal-URDF/URDF development/URDF RViz ws/install/biped_rviz_launch_suite/share/biped_rviz_launch_suite/assets/bipedal_export_temp_description/urdf
[0.370s] copying assets/bipedal_export_temp_description/urdf/bipedal_export_temp.xacro -> /home/coooper/Documents/biped/Bipedal-URDF/URDF development/URDF RViz ws/install/biped_rviz_launch_suite/share/biped_rviz_launch_suite/assets/bipedal_export_temp_description/urdf
[0.370s] copying assets/bipedal_export_temp_description/urdf/bipedal_export_temp.gazebo -> /home/coooper/Documents/biped/Bipedal-URDF/URDF development/URDF RViz ws/install/biped_rviz_launch_suite/share/biped_rviz_launch_suite/assets/bipedal_export_temp_description/urdf
[0.371s] copying assets/bipedal_export_temp_description/urdf/bipedal_clean_visual.urdf -> /home/coooper/Documents/biped/Bipedal-URDF/URDF development/URDF RViz ws/install/biped_rviz_launch_suite/share/biped_rviz_launch_suite/assets/bipedal_export_temp_description/urdf
[0.371s] copying assets/bipedal_export_temp_description/urdf/materials.xacro -> /home/coooper/Documents/biped/Bipedal-URDF/URDF development/URDF RViz ws/install/biped_rviz_launch_suite/share/biped_rviz_launch_suite/assets/bipedal_export_temp_description/urdf
[0.371s] copying assets/bipedal_export_temp_description/urdf/bipedal_export_temp_visual.urdf -> /home/coooper/Documents/biped/Bipedal-URDF/URDF development/URDF RViz ws/install/biped_rviz_launch_suite/share/biped_rviz_launch_suite/assets/bipedal_export_temp_description/urdf
[0.371s] copying assets/bipedal_export_temp_description/urdf/bipedal_export_temp.trans -> /home/coooper/Documents/biped/Bipedal-URDF/URDF development/URDF RViz ws/install/biped_rviz_launch_suite/share/biped_rviz_launch_suite/assets/bipedal_export_temp_description/urdf
[0.371s] creating /home/coooper/Documents/biped/Bipedal-URDF/URDF development/URDF RViz ws/install/biped_rviz_launch_suite/share/biped_rviz_launch_suite/assets/bipedal_description
[0.371s] creating /home/coooper/Documents/biped/Bipedal-URDF/URDF development/URDF RViz ws/install/biped_rviz_launch_suite/share/biped_rviz_launch_suite/assets/bipedal_description/config
[0.371s] copying assets/bipedal_description/config/README.md -> /home/coooper/Documents/biped/Bipedal-URDF/URDF development/URDF RViz ws/install/biped_rviz_launch_suite/share/biped_rviz_launch_suite/assets/bipedal_description/config
[0.371s] copying assets/bipedal_description/config/display.rviz -> /home/coooper/Documents/biped/Bipedal-URDF/URDF development/URDF RViz ws/install/biped_rviz_launch_suite/share/biped_rviz_launch_suite/assets/bipedal_description/config
[0.371s] creating /home/coooper/Documents/biped/Bipedal-URDF/URDF development/URDF RViz ws/install/biped_rviz_launch_suite/share/biped_rviz_launch_suite/assets/bipedal_description/meshes
[0.371s] copying assets/bipedal_description/meshes/README.md -> /home/coooper/Documents/biped/Bipedal-URDF/URDF development/URDF RViz ws/install/biped_rviz_launch_suite/share/biped_rviz_launch_suite/assets/bipedal_description/meshes
[0.371s] copying assets/bipedal_description/meshes/right_upper_femur.stl -> /home/coooper/Documents/biped/Bipedal-URDF/URDF development/URDF RViz ws/install/biped_rviz_launch_suite/share/biped_rviz_launch_suite/assets/bipedal_description/meshes
[0.371s] copying assets/bipedal_description/meshes/right_tibia.stl -> /home/coooper/Documents/biped/Bipedal-URDF/URDF development/URDF RViz ws/install/biped_rviz_launch_suite/share/biped_rviz_launch_suite/assets/bipedal_description/meshes
[0.371s] copying assets/bipedal_description/meshes/inner_linkage_1.stl -> /home/coooper/Documents/biped/Bipedal-URDF/URDF development/URDF RViz ws/install/biped_rviz_launch_suite/share/biped_rviz_launch_suite/assets/bipedal_description/meshes
[0.371s] copying assets/bipedal_description/meshes/left_lower_femur.stl -> /home/coooper/Documents/biped/Bipedal-URDF/URDF development/URDF RViz ws/install/biped_rviz_launch_suite/share/biped_rviz_launch_suite/assets/bipedal_description/meshes
[0.371s] copying assets/bipedal_description/meshes/left_upper_femur.stl -> /home/coooper/Documents/biped/Bipedal-URDF/URDF development/URDF RViz ws/install/biped_rviz_launch_suite/share/biped_rviz_launch_suite/assets/bipedal_description/meshes
[0.371s] copying assets/bipedal_description/meshes/base_link.stl -> /home/coooper/Documents/biped/Bipedal-URDF/URDF development/URDF RViz ws/install/biped_rviz_launch_suite/share/biped_rviz_launch_suite/assets/bipedal_description/meshes
[0.372s] copying assets/bipedal_description/meshes/inner_linkage_2.stl -> /home/coooper/Documents/biped/Bipedal-URDF/URDF development/URDF RViz ws/install/biped_rviz_launch_suite/share/biped_rviz_launch_suite/assets/bipedal_description/meshes
[0.372s] copying assets/bipedal_description/meshes/left_tibia.stl -> /home/coooper/Documents/biped/Bipedal-URDF/URDF development/URDF RViz ws/install/biped_rviz_launch_suite/share/biped_rviz_launch_suite/assets/bipedal_description/meshes
[0.372s] copying assets/bipedal_description/meshes/right_lower_femur.stl -> /home/coooper/Documents/biped/Bipedal-URDF/URDF development/URDF RViz ws/install/biped_rviz_launch_suite/share/biped_rviz_launch_suite/assets/bipedal_description/meshes
[0.372s] creating /home/coooper/Documents/biped/Bipedal-URDF/URDF development/URDF RViz ws/install/biped_rviz_launch_suite/share/biped_rviz_launch_suite/assets/bipedal_description/urdf
[0.372s] copying assets/bipedal_description/urdf/rename_script.py -> /home/coooper/Documents/biped/Bipedal-URDF/URDF development/URDF RViz ws/install/biped_rviz_launch_suite/share/biped_rviz_launch_suite/assets/bipedal_description/urdf
[0.372s] copying assets/bipedal_description/urdf/README.md -> /home/coooper/Documents/biped/Bipedal-URDF/URDF development/URDF RViz ws/install/biped_rviz_launch_suite/share/biped_rviz_launch_suite/assets/bipedal_description/urdf
[0.372s] copying assets/bipedal_description/urdf/bipedal.xacro -> /home/coooper/Documents/biped/Bipedal-URDF/URDF development/URDF RViz ws/install/biped_rviz_launch_suite/share/biped_rviz_launch_suite/assets/bipedal_description/urdf
[0.372s] copying assets/bipedal_description/urdf/bipedal.urdf.xacro -> /home/coooper/Documents/biped/Bipedal-URDF/URDF development/URDF RViz ws/install/biped_rviz_launch_suite/share/biped_rviz_launch_suite/assets/bipedal_description/urdf
[0.373s] copying assets/bipedal_description/urdf/fix.py -> /home/coooper/Documents/biped/Bipedal-URDF/URDF development/URDF RViz ws/install/biped_rviz_launch_suite/share/biped_rviz_launch_suite/assets/bipedal_description/urdf
[0.373s] copying assets/bipedal_description/urdf/bipedal_visual.urdf -> /home/coooper/Documents/biped/Bipedal-URDF/URDF development/URDF RViz ws/install/biped_rviz_launch_suite/share/biped_rviz_launch_suite/assets/bipedal_description/urdf
[0.373s] copying assets/bipedal_description/urdf/bipedal.trans -> /home/coooper/Documents/biped/Bipedal-URDF/URDF development/URDF RViz ws/install/biped_rviz_launch_suite/share/biped_rviz_launch_suite/assets/bipedal_description/urdf
[0.373s] copying assets/bipedal_description/urdf/sync.py -> /home/coooper/Documents/biped/Bipedal-URDF/URDF development/URDF RViz ws/install/biped_rviz_launch_suite/share/biped_rviz_launch_suite/assets/bipedal_description/urdf
[0.373s] copying assets/bipedal_description/urdf/align.py -> /home/coooper/Documents/biped/Bipedal-URDF/URDF development/URDF RViz ws/install/biped_rviz_launch_suite/share/biped_rviz_launch_suite/assets/bipedal_description/urdf
[0.373s] copying assets/bipedal_description/urdf/materials.xacro -> /home/coooper/Documents/biped/Bipedal-URDF/URDF development/URDF RViz ws/install/biped_rviz_launch_suite/share/biped_rviz_launch_suite/assets/bipedal_description/urdf
[0.373s] copying assets/bipedal_description/urdf/bipedal.gazebo -> /home/coooper/Documents/biped/Bipedal-URDF/URDF development/URDF RViz ws/install/biped_rviz_launch_suite/share/biped_rviz_launch_suite/assets/bipedal_description/urdf
[0.373s] creating /home/coooper/Documents/biped/Bipedal-URDF/URDF development/URDF RViz ws/install/biped_rviz_launch_suite/share/biped_rviz_launch_suite/assets/URDF_description
[0.373s] creating /home/coooper/Documents/biped/Bipedal-URDF/URDF development/URDF RViz ws/install/biped_rviz_launch_suite/share/biped_rviz_launch_suite/assets/URDF_description/config
[0.373s] copying assets/URDF_description/config/display.rviz -> /home/coooper/Documents/biped/Bipedal-URDF/URDF development/URDF RViz ws/install/biped_rviz_launch_suite/share/biped_rviz_launch_suite/assets/URDF_description/config
[0.373s] creating /home/coooper/Documents/biped/Bipedal-URDF/URDF development/URDF RViz ws/install/biped_rviz_launch_suite/share/biped_rviz_launch_suite/assets/URDF_description/meshes
[0.373s] copying assets/URDF_description/meshes/combined_motor_tibia__1__1.stl -> /home/coooper/Documents/biped/Bipedal-URDF/URDF development/URDF RViz ws/install/biped_rviz_launch_suite/share/biped_rviz_launch_suite/assets/URDF_description/meshes
[0.373s] copying assets/URDF_description/meshes/Combined_femur__3__1.stl -> /home/coooper/Documents/biped/Bipedal-URDF/URDF development/URDF RViz ws/install/biped_rviz_launch_suite/share/biped_rviz_launch_suite/assets/URDF_description/meshes
[0.373s] copying assets/URDF_description/meshes/combined_motor_tibia_1.stl -> /home/coooper/Documents/biped/Bipedal-URDF/URDF development/URDF RViz ws/install/biped_rviz_launch_suite/share/biped_rviz_launch_suite/assets/URDF_description/meshes
[0.373s] copying assets/URDF_description/meshes/tibia_2_1.stl -> /home/coooper/Documents/biped/Bipedal-URDF/URDF development/URDF RViz ws/install/biped_rviz_launch_suite/share/biped_rviz_launch_suite/assets/URDF_description/meshes
[0.373s] copying assets/URDF_description/meshes/tibia_2__1__1.stl -> /home/coooper/Documents/biped/Bipedal-URDF/URDF development/URDF RViz ws/install/biped_rviz_launch_suite/share/biped_rviz_launch_suite/assets/URDF_description/meshes
[0.373s] copying assets/URDF_description/meshes/Combined_femur_1.stl -> /home/coooper/Documents/biped/Bipedal-URDF/URDF development/URDF RViz ws/install/biped_rviz_launch_suite/share/biped_rviz_launch_suite/assets/URDF_description/meshes
[0.373s] copying assets/URDF_description/meshes/Combined_femur__1__1.stl -> /home/coooper/Documents/biped/Bipedal-URDF/URDF development/URDF RViz ws/install/biped_rviz_launch_suite/share/biped_rviz_launch_suite/assets/URDF_description/meshes
[0.374s] copying assets/URDF_description/meshes/base_link.stl -> /home/coooper/Documents/biped/Bipedal-URDF/URDF development/URDF RViz ws/install/biped_rviz_launch_suite/share/biped_rviz_launch_suite/assets/URDF_description/meshes
[0.374s] copying assets/URDF_description/meshes/Combined_femur__2__1.stl -> /home/coooper/Documents/biped/Bipedal-URDF/URDF development/URDF RViz ws/install/biped_rviz_launch_suite/share/biped_rviz_launch_suite/assets/URDF_description/meshes
[0.374s] creating /home/coooper/Documents/biped/Bipedal-URDF/URDF development/URDF RViz ws/install/biped_rviz_launch_suite/share/biped_rviz_launch_suite/assets/URDF_description/urdf
[0.374s] copying assets/URDF_description/urdf/URDF.gazebo -> /home/coooper/Documents/biped/Bipedal-URDF/URDF development/URDF RViz ws/install/biped_rviz_launch_suite/share/biped_rviz_launch_suite/assets/URDF_description/urdf
[0.374s] copying assets/URDF_description/urdf/URDF.xacro -> /home/coooper/Documents/biped/Bipedal-URDF/URDF development/URDF RViz ws/install/biped_rviz_launch_suite/share/biped_rviz_launch_suite/assets/URDF_description/urdf
[0.374s] copying assets/URDF_description/urdf/materials.xacro -> /home/coooper/Documents/biped/Bipedal-URDF/URDF development/URDF RViz ws/install/biped_rviz_launch_suite/share/biped_rviz_launch_suite/assets/URDF_description/urdf
[0.374s] copying assets/URDF_description/urdf/URDF.trans -> /home/coooper/Documents/biped/Bipedal-URDF/URDF development/URDF RViz ws/install/biped_rviz_launch_suite/share/biped_rviz_launch_suite/assets/URDF_description/urdf
[0.375s] creating /home/coooper/Documents/biped/Bipedal-URDF/URDF development/URDF RViz ws/install/biped_rviz_launch_suite/share/biped_rviz_launch_suite/assets/assembly_description
[0.375s] creating /home/coooper/Documents/biped/Bipedal-URDF/URDF development/URDF RViz ws/install/biped_rviz_launch_suite/share/biped_rviz_launch_suite/assets/assembly_description/config
[0.375s] copying assets/assembly_description/config/README.md -> /home/coooper/Documents/biped/Bipedal-URDF/URDF development/URDF RViz ws/install/biped_rviz_launch_suite/share/biped_rviz_launch_suite/assets/assembly_description/config
[0.375s] copying assets/assembly_description/config/display.rviz -> /home/coooper/Documents/biped/Bipedal-URDF/URDF development/URDF RViz ws/install/biped_rviz_launch_suite/share/biped_rviz_launch_suite/assets/assembly_description/config
[0.375s] creating /home/coooper/Documents/biped/Bipedal-URDF/URDF development/URDF RViz ws/install/biped_rviz_launch_suite/share/biped_rviz_launch_suite/assets/assembly_description/meshes
[0.375s] copying assets/assembly_description/meshes/pelvis.stl -> /home/coooper/Documents/biped/Bipedal-URDF/URDF development/URDF RViz ws/install/biped_rviz_launch_suite/share/biped_rviz_launch_suite/assets/assembly_description/meshes
[0.375s] copying assets/assembly_description/meshes/right_femur_front.stl -> /home/coooper/Documents/biped/Bipedal-URDF/URDF development/URDF RViz ws/install/biped_rviz_launch_suite/share/biped_rviz_launch_suite/assets/assembly_description/meshes
[0.376s] copying assets/assembly_description/meshes/README.md -> /home/coooper/Documents/biped/Bipedal-URDF/URDF development/URDF RViz ws/install/biped_rviz_launch_suite/share/biped_rviz_launch_suite/assets/assembly_description/meshes
[0.376s] copying assets/assembly_description/meshes/combined_motor_tibia__1__1.stl -> /home/coooper/Documents/biped/Bipedal-URDF/URDF development/URDF RViz ws/install/biped_rviz_launch_suite/share/biped_rviz_launch_suite/assets/assembly_description/meshes
[0.376s] copying assets/assembly_description/meshes/right_shank_front.stl -> /home/coooper/Documents/biped/Bipedal-URDF/URDF development/URDF RViz ws/install/biped_rviz_launch_suite/share/biped_rviz_launch_suite/assets/assembly_description/meshes
[0.376s] copying assets/assembly_description/meshes/left_femur_rear.stl -> /home/coooper/Documents/biped/Bipedal-URDF/URDF development/URDF RViz ws/install/biped_rviz_launch_suite/share/biped_rviz_launch_suite/assets/assembly_description/meshes
[0.376s] copying assets/assembly_description/meshes/left_femur_front.stl -> /home/coooper/Documents/biped/Bipedal-URDF/URDF development/URDF RViz ws/install/biped_rviz_launch_suite/share/biped_rviz_launch_suite/assets/assembly_description/meshes
[0.376s] copying assets/assembly_description/meshes/Combined_femur__3__1.stl -> /home/coooper/Documents/biped/Bipedal-URDF/URDF development/URDF RViz ws/install/biped_rviz_launch_suite/share/biped_rviz_launch_suite/assets/assembly_description/meshes
[0.376s] copying assets/assembly_description/meshes/left_shank_front.stl -> /home/coooper/Documents/biped/Bipedal-URDF/URDF development/URDF RViz ws/install/biped_rviz_launch_suite/share/biped_rviz_launch_suite/assets/assembly_description/meshes
[0.376s] copying assets/assembly_description/meshes/combined_motor_tibia_1.stl -> /home/coooper/Documents/biped/Bipedal-URDF/URDF development/URDF RViz ws/install/biped_rviz_launch_suite/share/biped_rviz_launch_suite/assets/assembly_description/meshes
[0.376s] copying assets/assembly_description/meshes/tibia_2_1.stl -> /home/coooper/Documents/biped/Bipedal-URDF/URDF development/URDF RViz ws/install/biped_rviz_launch_suite/share/biped_rviz_launch_suite/assets/assembly_description/meshes
[0.376s] copying assets/assembly_description/meshes/tibia_2__1__1.stl -> /home/coooper/Documents/biped/Bipedal-URDF/URDF development/URDF RViz ws/install/biped_rviz_launch_suite/share/biped_rviz_launch_suite/assets/assembly_description/meshes
[0.376s] copying assets/assembly_description/meshes/Combined_femur_1.stl -> /home/coooper/Documents/biped/Bipedal-URDF/URDF development/URDF RViz ws/install/biped_rviz_launch_suite/share/biped_rviz_launch_suite/assets/assembly_description/meshes
[0.377s] copying assets/assembly_description/meshes/right_femur_rear.stl -> /home/coooper/Documents/biped/Bipedal-URDF/URDF development/URDF RViz ws/install/biped_rviz_launch_suite/share/biped_rviz_launch_suite/assets/assembly_description/meshes
[0.377s] copying assets/assembly_description/meshes/Combined_femur__1__1.stl -> /home/coooper/Documents/biped/Bipedal-URDF/URDF development/URDF RViz ws/install/biped_rviz_launch_suite/share/biped_rviz_launch_suite/assets/assembly_description/meshes
[0.377s] copying assets/assembly_description/meshes/base_link.stl -> /home/coooper/Documents/biped/Bipedal-URDF/URDF development/URDF RViz ws/install/biped_rviz_launch_suite/share/biped_rviz_launch_suite/assets/assembly_description/meshes
[0.378s] copying assets/assembly_description/meshes/right_shank_rear.stl -> /home/coooper/Documents/biped/Bipedal-URDF/URDF development/URDF RViz ws/install/biped_rviz_launch_suite/share/biped_rviz_launch_suite/assets/assembly_description/meshes
[0.378s] copying assets/assembly_description/meshes/left_shank_rear.stl -> /home/coooper/Documents/biped/Bipedal-URDF/URDF development/URDF RViz ws/install/biped_rviz_launch_suite/share/biped_rviz_launch_suite/assets/assembly_description/meshes
[0.378s] copying assets/assembly_description/meshes/Combined_femur__2__1.stl -> /home/coooper/Documents/biped/Bipedal-URDF/URDF development/URDF RViz ws/install/biped_rviz_launch_suite/share/biped_rviz_launch_suite/assets/assembly_description/meshes
[0.378s] creating /home/coooper/Documents/biped/Bipedal-URDF/URDF development/URDF RViz ws/install/biped_rviz_launch_suite/share/biped_rviz_launch_suite/assets/assembly_description/urdf
[0.378s] copying assets/assembly_description/urdf/assembly.trans -> /home/coooper/Documents/biped/Bipedal-URDF/URDF development/URDF RViz ws/install/biped_rviz_launch_suite/share/biped_rviz_launch_suite/assets/assembly_description/urdf
[0.378s] copying assets/assembly_description/urdf/assembly.gazebo -> /home/coooper/Documents/biped/Bipedal-URDF/URDF development/URDF RViz ws/install/biped_rviz_launch_suite/share/biped_rviz_launch_suite/assets/assembly_description/urdf
[0.378s] copying assets/assembly_description/urdf/README.md -> /home/coooper/Documents/biped/Bipedal-URDF/URDF development/URDF RViz ws/install/biped_rviz_launch_suite/share/biped_rviz_launch_suite/assets/assembly_description/urdf
[0.378s] copying assets/assembly_description/urdf/assembly.urdf -> /home/coooper/Documents/biped/Bipedal-URDF/URDF development/URDF RViz ws/install/biped_rviz_launch_suite/share/biped_rviz_launch_suite/assets/assembly_description/urdf
[0.378s] copying assets/assembly_description/urdf/assembly.xacro -> /home/coooper/Documents/biped/Bipedal-URDF/URDF development/URDF RViz ws/install/biped_rviz_launch_suite/share/biped_rviz_launch_suite/assets/assembly_description/urdf
[0.378s] copying assets/assembly_description/urdf/materials.xacro -> /home/coooper/Documents/biped/Bipedal-URDF/URDF development/URDF RViz ws/install/biped_rviz_launch_suite/share/biped_rviz_launch_suite/assets/assembly_description/urdf
[0.378s] copying assets/assembly_description/urdf/generate_urdf.py -> /home/coooper/Documents/biped/Bipedal-URDF/URDF development/URDF RViz ws/install/biped_rviz_launch_suite/share/biped_rviz_launch_suite/assets/assembly_description/urdf
[0.378s] copying assets/assembly_description/urdf/assembly_view.urdf -> /home/coooper/Documents/biped/Bipedal-URDF/URDF development/URDF RViz ws/install/biped_rviz_launch_suite/share/biped_rviz_launch_suite/assets/assembly_description/urdf
[0.378s] running install_egg_info
[0.379s] Copying ../../build/biped_rviz_launch_suite/biped_rviz_launch_suite.egg-info to /home/coooper/Documents/biped/Bipedal-URDF/URDF development/URDF RViz ws/install/biped_rviz_launch_suite/lib/python3.10/site-packages/biped_rviz_launch_suite-0.0.0-py3.10.egg-info
[0.380s] running install_scripts
[0.390s] Installing five_bar_state_publisher script to /home/coooper/Documents/biped/Bipedal-URDF/URDF development/URDF RViz ws/install/biped_rviz_launch_suite/lib/biped_rviz_launch_suite
[0.390s] writing list of installed files to '/home/coooper/Documents/biped/Bipedal-URDF/URDF development/URDF RViz ws/build/biped_rviz_launch_suite/install.log'
[0.407s] Invoked command in '/home/coooper/Documents/biped/Bipedal-URDF/URDF development/URDF RViz ws/src/rviz_launch_suite' returned '0': PYTHONPATH=/home/coooper/Documents/biped/Bipedal-URDF/URDF development/URDF RViz ws/build/biped_rviz_launch_suite/prefix_override:/usr/lib/python3/dist-packages/colcon_core/task/python/colcon_distutils_commands:/home/coooper/Documents/biped/Bipedal-URDF/URDF development/URDF RViz ws/install/biped_rviz_launch_suite/lib/python3.10/site-packages:${PYTHONPATH} /usr/bin/python3 -W ignore:setup.py install is deprecated -W ignore:easy_install command is deprecated setup.py egg_info --egg-base ../../build/biped_rviz_launch_suite build --build-base /home/coooper/Documents/biped/Bipedal-URDF/URDF development/URDF RViz ws/build/biped_rviz_launch_suite/build install --record /home/coooper/Documents/biped/Bipedal-URDF/URDF development/URDF RViz ws/build/biped_rviz_launch_suite/install.log --install-scripts $base/lib/biped_rviz_launch_suite --single-version-externally-managed install_data
