-- The C compiler identification is GNU 11.4.0
-- The CXX compiler identification is GNU 11.4.0
-- Detecting C compiler ABI info
-- Detecting C compiler ABI info - done
-- Check for working C compiler: /usr/bin/cc - skipped
-- Detecting C compile features
-- Detecting C compile features - done
-- Detecting CXX compiler ABI info
-- Detecting CXX compiler ABI info - done
-- Check for working CXX compiler: /usr/bin/c++ - skipped
-- Detecting CXX compile features
-- Detecting CXX compile features - done
-- Found ament_cmake: 1.3.14 (/opt/ros/humble/share/ament_cmake/cmake)
-- Found Python3: /usr/bin/python3 (found version "3.10.12") found components: Interpreter 
-- Override CMake install command with custom implementation using symlinks instead of copying resources
-- Found rclcpp: 16.0.19 (/opt/ros/humble/share/rclcpp/cmake)
-- Found rosidl_generator_c: 3.1.9 (/opt/ros/humble/share/rosidl_generator_c/cmake)
-- Found rosidl_adapter: 3.1.9 (/opt/ros/humble/share/rosidl_adapter/cmake)
-- Found rosidl_generator_cpp: 3.1.9 (/opt/ros/humble/share/rosidl_generator_cpp/cmake)
-- Using all available rosidl_typesupport_c: rosidl_typesupport_fastrtps_c;rosidl_typesupport_introspection_c
-- Using all available rosidl_typesupport_cpp: rosidl_typesupport_fastrtps_cpp;rosidl_typesupport_introspection_cpp
-- Found rmw_implementation_cmake: 6.1.3 (/opt/ros/humble/share/rmw_implementation_cmake/cmake)
-- Found rmw_fastrtps_cpp: 6.2.10 (/opt/ros/humble/share/rmw_fastrtps_cpp/cmake)
-- Found OpenSSL: /usr/lib/x86_64-linux-gnu/libcrypto.so (found version "3.0.2")  
-- Found FastRTPS: /opt/ros/humble/include  
-- Using RMW implementation 'rmw_fastrtps_cpp' as default
-- Looking for pthread.h
-- Looking for pthread.h - found
-- Performing Test CMAKE_HAVE_LIBC_PTHREAD
-- Performing Test CMAKE_HAVE_LIBC_PTHREAD - Success
-- Found Threads: TRUE  
-- Found sensor_msgs: 4.9.2 (/opt/ros/humble/share/sensor_msgs/cmake)
-- Found std_srvs: 4.9.2 (/opt/ros/humble/share/std_srvs/cmake)
-- Found ament_lint_auto: 0.12.15 (/opt/ros/humble/share/ament_lint_auto/cmake)
-- Added test 'cppcheck' to perform static code analysis on C / C++ code
-- Configured cppcheck include dirs: $<BUILD_INTERFACE:/home/coooper/Documents/biped/Bipedal-URDF/Gazebo Humble/src/gazebo_prep/include>
-- Configured cppcheck exclude dirs and/or files: 
-- Added test 'flake8' to check Python code syntax and style conventions
-- Added test 'lint_cmake' to check CMake code style
-- Added test 'pep257' to check Python code against some of the docstring style conventions in PEP 257
-- Added test 'uncrustify' to check C / C++ code style
-- Configured uncrustify additional arguments: 
-- Added test 'xmllint' to check XML markup files
-- Configuring done
-- Generating done
-- Build files have been written to: /home/coooper/Documents/biped/Bipedal-URDF/Gazebo Humble/build/gazebo_prep
[ 50%] [32mBuilding CXX object CMakeFiles/balance_point.dir/src/balance_point.cpp.o[0m
[ 50%] Built target ament_cmake_python_symlink_gazebo_prep
running egg_info
creating gazebo_prep.egg-info
writing gazebo_prep.egg-info/PKG-INFO
writing dependency_links to gazebo_prep.egg-info/dependency_links.txt
writing top-level names to gazebo_prep.egg-info/top_level.txt
writing manifest file 'gazebo_prep.egg-info/SOURCES.txt'
reading manifest file 'gazebo_prep.egg-info/SOURCES.txt'
writing manifest file 'gazebo_prep.egg-info/SOURCES.txt'
[ 50%] Built target ament_cmake_python_build_gazebo_prep_egg
[100%] [32m[1mLinking CXX executable balance_point[0m
[100%] Built target balance_point
-- Install configuration: ""
-- Execute custom install script
-- Symlinking: /home/coooper/Documents/biped/Bipedal-URDF/Gazebo Humble/install/gazebo_prep/lib/gazebo_prep/balance_point
-- Symlinking: /home/coooper/Documents/biped/Bipedal-URDF/Gazebo Humble/install/gazebo_prep/share/gazebo_prep/environment/pythonpath.sh
-- Symlinking: /home/coooper/Documents/biped/Bipedal-URDF/Gazebo Humble/install/gazebo_prep/share/gazebo_prep/environment/pythonpath.dsv
-- Symlinking: /home/coooper/Documents/biped/Bipedal-URDF/Gazebo Humble/install/gazebo_prep/local/lib/python3.10/dist-packages/gazebo_prep-1.0.0-py3.10.egg-info/PKG-INFO
-- Symlinking: /home/coooper/Documents/biped/Bipedal-URDF/Gazebo Humble/install/gazebo_prep/local/lib/python3.10/dist-packages/gazebo_prep-1.0.0-py3.10.egg-info/SOURCES.txt
-- Symlinking: /home/coooper/Documents/biped/Bipedal-URDF/Gazebo Humble/install/gazebo_prep/local/lib/python3.10/dist-packages/gazebo_prep-1.0.0-py3.10.egg-info/dependency_links.txt
-- Symlinking: /home/coooper/Documents/biped/Bipedal-URDF/Gazebo Humble/install/gazebo_prep/local/lib/python3.10/dist-packages/gazebo_prep-1.0.0-py3.10.egg-info/top_level.txt
-- Symlinking: /home/coooper/Documents/biped/Bipedal-URDF/Gazebo Humble/install/gazebo_prep/local/lib/python3.10/dist-packages/gazebo_prep/__init__.py
-- Symlinking: /home/coooper/Documents/biped/Bipedal-URDF/Gazebo Humble/install/gazebo_prep/local/lib/python3.10/dist-packages/gazebo_prep/rc_teleop.py
-- Symlinking: /home/coooper/Documents/biped/Bipedal-URDF/Gazebo Humble/install/gazebo_prep/local/lib/python3.10/dist-packages/gazebo_prep/standing_mode.py
-- Symlinking: /home/coooper/Documents/biped/Bipedal-URDF/Gazebo Humble/install/gazebo_prep/local/lib/python3.10/dist-packages/gazebo_prep/wireless_gui_bridge.py
-- Symlinking: /home/coooper/Documents/biped/Bipedal-URDF/Gazebo Humble/install/gazebo_prep/lib/gazebo_prep/standing_mode
-- Symlinking: /home/coooper/Documents/biped/Bipedal-URDF/Gazebo Humble/install/gazebo_prep/lib/gazebo_prep/rc_teleop
-- Symlinking: /home/coooper/Documents/biped/Bipedal-URDF/Gazebo Humble/install/gazebo_prep/lib/gazebo_prep/wireless_gui_bridge
-- Symlinking: /home/coooper/Documents/biped/Bipedal-URDF/Gazebo Humble/install/gazebo_prep/share/gazebo_prep/urdf/assembly.urdf.xacro
-- Symlinking: /home/coooper/Documents/biped/Bipedal-URDF/Gazebo Humble/install/gazebo_prep/share/gazebo_prep/urdf/assembly_gazebo.xacro
-- Symlinking: /home/coooper/Documents/biped/Bipedal-URDF/Gazebo Humble/install/gazebo_prep/share/gazebo_prep/urdf/assembly_ros2_control.xacro
-- Symlinking: /home/coooper/Documents/biped/Bipedal-URDF/Gazebo Humble/install/gazebo_prep/share/gazebo_prep/meshes/left_femur_front.stl
-- Symlinking: /home/coooper/Documents/biped/Bipedal-URDF/Gazebo Humble/install/gazebo_prep/share/gazebo_prep/meshes/left_femur_rear.stl
-- Symlinking: /home/coooper/Documents/biped/Bipedal-URDF/Gazebo Humble/install/gazebo_prep/share/gazebo_prep/meshes/left_shank_front.stl
-- Symlinking: /home/coooper/Documents/biped/Bipedal-URDF/Gazebo Humble/install/gazebo_prep/share/gazebo_prep/meshes/left_shank_rear.stl
-- Symlinking: /home/coooper/Documents/biped/Bipedal-URDF/Gazebo Humble/install/gazebo_prep/share/gazebo_prep/meshes/pelvis.stl
-- Symlinking: /home/coooper/Documents/biped/Bipedal-URDF/Gazebo Humble/install/gazebo_prep/share/gazebo_prep/meshes/right_femur_front.stl
-- Symlinking: /home/coooper/Documents/biped/Bipedal-URDF/Gazebo Humble/install/gazebo_prep/share/gazebo_prep/meshes/right_femur_rear.stl
-- Symlinking: /home/coooper/Documents/biped/Bipedal-URDF/Gazebo Humble/install/gazebo_prep/share/gazebo_prep/meshes/right_shank_front.stl
-- Symlinking: /home/coooper/Documents/biped/Bipedal-URDF/Gazebo Humble/install/gazebo_prep/share/gazebo_prep/meshes/right_shank_rear.stl
-- Symlinking: /home/coooper/Documents/biped/Bipedal-URDF/Gazebo Humble/install/gazebo_prep/share/gazebo_prep/config/balance_params.yaml
-- Symlinking: /home/coooper/Documents/biped/Bipedal-URDF/Gazebo Humble/install/gazebo_prep/share/gazebo_prep/config/ros2_controllers.yaml
-- Symlinking: /home/coooper/Documents/biped/Bipedal-URDF/Gazebo Humble/install/gazebo_prep/share/gazebo_prep/worlds/balance_arena.sdf
-- Symlinking: /home/coooper/Documents/biped/Bipedal-URDF/Gazebo Humble/install/gazebo_prep/share/gazebo_prep/launch/simulation.launch.py
-- Symlinking: /home/coooper/Documents/biped/Bipedal-URDF/Gazebo Humble/install/gazebo_prep/share/ament_index/resource_index/package_run_dependencies/gazebo_prep
-- Symlinking: /home/coooper/Documents/biped/Bipedal-URDF/Gazebo Humble/install/gazebo_prep/share/ament_index/resource_index/parent_prefix_path/gazebo_prep
-- Symlinking: /home/coooper/Documents/biped/Bipedal-URDF/Gazebo Humble/install/gazebo_prep/share/gazebo_prep/environment/ament_prefix_path.sh
-- Symlinking: /home/coooper/Documents/biped/Bipedal-URDF/Gazebo Humble/install/gazebo_prep/share/gazebo_prep/environment/ament_prefix_path.dsv
-- Symlinking: /home/coooper/Documents/biped/Bipedal-URDF/Gazebo Humble/install/gazebo_prep/share/gazebo_prep/environment/path.sh
-- Symlinking: /home/coooper/Documents/biped/Bipedal-URDF/Gazebo Humble/install/gazebo_prep/share/gazebo_prep/environment/path.dsv
-- Symlinking: /home/coooper/Documents/biped/Bipedal-URDF/Gazebo Humble/install/gazebo_prep/share/gazebo_prep/local_setup.bash
-- Symlinking: /home/coooper/Documents/biped/Bipedal-URDF/Gazebo Humble/install/gazebo_prep/share/gazebo_prep/local_setup.sh
-- Symlinking: /home/coooper/Documents/biped/Bipedal-URDF/Gazebo Humble/install/gazebo_prep/share/gazebo_prep/local_setup.zsh
-- Symlinking: /home/coooper/Documents/biped/Bipedal-URDF/Gazebo Humble/install/gazebo_prep/share/gazebo_prep/local_setup.dsv
-- Symlinking: /home/coooper/Documents/biped/Bipedal-URDF/Gazebo Humble/install/gazebo_prep/share/gazebo_prep/package.dsv
-- Symlinking: /home/coooper/Documents/biped/Bipedal-URDF/Gazebo Humble/install/gazebo_prep/share/ament_index/resource_index/packages/gazebo_prep
-- Symlinking: /home/coooper/Documents/biped/Bipedal-URDF/Gazebo Humble/install/gazebo_prep/share/gazebo_prep/cmake/gazebo_prepConfig.cmake
-- Symlinking: /home/coooper/Documents/biped/Bipedal-URDF/Gazebo Humble/install/gazebo_prep/share/gazebo_prep/cmake/gazebo_prepConfig-version.cmake
-- Symlinking: /home/coooper/Documents/biped/Bipedal-URDF/Gazebo Humble/install/gazebo_prep/share/gazebo_prep/package.xml
Listing '/home/coooper/Documents/biped/Bipedal-URDF/Gazebo Humble/install/gazebo_prep/local/lib/python3.10/dist-packages/gazebo_prep'...
Compiling '/home/coooper/Documents/biped/Bipedal-URDF/Gazebo Humble/install/gazebo_prep/local/lib/python3.10/dist-packages/gazebo_prep/__init__.py'...
Compiling '/home/coooper/Documents/biped/Bipedal-URDF/Gazebo Humble/install/gazebo_prep/local/lib/python3.10/dist-packages/gazebo_prep/rc_teleop.py'...
Compiling '/home/coooper/Documents/biped/Bipedal-URDF/Gazebo Humble/install/gazebo_prep/local/lib/python3.10/dist-packages/gazebo_prep/standing_mode.py'...
Compiling '/home/coooper/Documents/biped/Bipedal-URDF/Gazebo Humble/install/gazebo_prep/local/lib/python3.10/dist-packages/gazebo_prep/wireless_gui_bridge.py'...
