[0.005s] Invoking command in '/home/coooper/Documents/biped/Bipedal-URDF/Gazebo Humble/build/gazebo_prep': CMAKE_PREFIX_PATH=/opt/ros/humble /usr/bin/cmake /home/coooper/Documents/biped/Bipedal-URDF/Gazebo Humble/src/gazebo_prep -DCMAKE_INSTALL_PREFIX=/home/coooper/Documents/biped/Bipedal-URDF/Gazebo Humble/install/gazebo_prep
[0.016s] -- Found ament_cmake: 1.3.14 (/opt/ros/humble/share/ament_cmake/cmake)
[0.088s] -- Override CMake install command with custom implementation using symlinks instead of copying resources
[0.092s] -- Found rclcpp: 16.0.19 (/opt/ros/humble/share/rclcpp/cmake)
[0.108s] -- Found rosidl_generator_c: 3.1.9 (/opt/ros/humble/share/rosidl_generator_c/cmake)
[0.110s] -- Found rosidl_adapter: 3.1.9 (/opt/ros/humble/share/rosidl_adapter/cmake)
[0.113s] -- Found rosidl_generator_cpp: 3.1.9 (/opt/ros/humble/share/rosidl_generator_cpp/cmake)
[0.117s] -- Using all available rosidl_typesupport_c: rosidl_typesupport_fastrtps_c;rosidl_typesupport_introspection_c
[0.123s] -- Using all available rosidl_typesupport_cpp: rosidl_typesupport_fastrtps_cpp;rosidl_typesupport_introspection_cpp
[0.140s] -- Found rmw_implementation_cmake: 6.1.3 (/opt/ros/humble/share/rmw_implementation_cmake/cmake)
[0.140s] -- Found rmw_fastrtps_cpp: 6.2.10 (/opt/ros/humble/share/rmw_fastrtps_cpp/cmake)
[0.202s] -- Using RMW implementation 'rmw_fastrtps_cpp' as default
[0.235s] -- Found sensor_msgs: 4.9.2 (/opt/ros/humble/share/sensor_msgs/cmake)
[0.247s] -- Found std_srvs: 4.9.2 (/opt/ros/humble/share/std_srvs/cmake)
[0.294s] -- Found ament_lint_auto: 0.12.15 (/opt/ros/humble/share/ament_lint_auto/cmake)
[0.336s] -- Added test 'cppcheck' to perform static code analysis on C / C++ code
[0.337s] -- Configured cppcheck include dirs: $<BUILD_INTERFACE:/home/coooper/Documents/biped/Bipedal-URDF/Gazebo Humble/src/gazebo_prep/include>
[0.337s] -- Configured cppcheck exclude dirs and/or files: 
[0.337s] -- Added test 'flake8' to check Python code syntax and style conventions
[0.337s] -- Added test 'lint_cmake' to check CMake code style
[0.337s] -- Added test 'pep257' to check Python code against some of the docstring style conventions in PEP 257
[0.339s] -- Added test 'uncrustify' to check C / C++ code style
[0.339s] -- Configured uncrustify additional arguments: 
[0.339s] -- Added test 'xmllint' to check XML markup files
[0.340s] -- Configuring done
[0.347s] -- Generating done
[0.349s] -- Build files have been written to: /home/coooper/Documents/biped/Bipedal-URDF/Gazebo Humble/build/gazebo_prep
[0.356s] Invoked command in '/home/coooper/Documents/biped/Bipedal-URDF/Gazebo Humble/build/gazebo_prep' returned '0': CMAKE_PREFIX_PATH=/opt/ros/humble /usr/bin/cmake /home/coooper/Documents/biped/Bipedal-URDF/Gazebo Humble/src/gazebo_prep -DCMAKE_INSTALL_PREFIX=/home/coooper/Documents/biped/Bipedal-URDF/Gazebo Humble/install/gazebo_prep
[0.358s] Invoking command in '/home/coooper/Documents/biped/Bipedal-URDF/Gazebo Humble/build/gazebo_prep': CMAKE_PREFIX_PATH=/opt/ros/humble /usr/bin/cmake --build /home/coooper/Documents/biped/Bipedal-URDF/Gazebo Humble/build/gazebo_prep -- -j32 -l32
[0.386s] [35m[1mConsolidate compiler generated dependencies of target balance_point[0m
[0.397s] [ 50%] Built target ament_cmake_python_symlink_gazebo_prep
[0.397s] [100%] Built target balance_point
[0.527s] running egg_info
[0.527s] writing gazebo_prep.egg-info/PKG-INFO
[0.528s] writing dependency_links to gazebo_prep.egg-info/dependency_links.txt
[0.528s] writing top-level names to gazebo_prep.egg-info/top_level.txt
[0.529s] reading manifest file 'gazebo_prep.egg-info/SOURCES.txt'
[0.529s] writing manifest file 'gazebo_prep.egg-info/SOURCES.txt'
[0.549s] [100%] Built target ament_cmake_python_build_gazebo_prep_egg
[0.558s] Invoked command in '/home/coooper/Documents/biped/Bipedal-URDF/Gazebo Humble/build/gazebo_prep' returned '0': CMAKE_PREFIX_PATH=/opt/ros/humble /usr/bin/cmake --build /home/coooper/Documents/biped/Bipedal-URDF/Gazebo Humble/build/gazebo_prep -- -j32 -l32
[0.564s] Invoking command in '/home/coooper/Documents/biped/Bipedal-URDF/Gazebo Humble/build/gazebo_prep': CMAKE_PREFIX_PATH=/opt/ros/humble /usr/bin/cmake --install /home/coooper/Documents/biped/Bipedal-URDF/Gazebo Humble/build/gazebo_prep
[0.568s] -- Install configuration: ""
[0.568s] -- Execute custom install script
[0.568s] -- Up-to-date symlink: /home/coooper/Documents/biped/Bipedal-URDF/Gazebo Humble/install/gazebo_prep/lib/gazebo_prep/balance_point
[0.569s] -- Up-to-date symlink: /home/coooper/Documents/biped/Bipedal-URDF/Gazebo Humble/install/gazebo_prep/share/gazebo_prep/environment/pythonpath.sh
[0.569s] -- Up-to-date symlink: /home/coooper/Documents/biped/Bipedal-URDF/Gazebo Humble/install/gazebo_prep/share/gazebo_prep/environment/pythonpath.dsv
[0.569s] -- Up-to-date symlink: /home/coooper/Documents/biped/Bipedal-URDF/Gazebo Humble/install/gazebo_prep/local/lib/python3.10/dist-packages/gazebo_prep-1.0.0-py3.10.egg-info/PKG-INFO
[0.569s] -- Up-to-date symlink: /home/coooper/Documents/biped/Bipedal-URDF/Gazebo Humble/install/gazebo_prep/local/lib/python3.10/dist-packages/gazebo_prep-1.0.0-py3.10.egg-info/SOURCES.txt
[0.569s] -- Up-to-date symlink: /home/coooper/Documents/biped/Bipedal-URDF/Gazebo Humble/install/gazebo_prep/local/lib/python3.10/dist-packages/gazebo_prep-1.0.0-py3.10.egg-info/dependency_links.txt
[0.569s] -- Up-to-date symlink: /home/coooper/Documents/biped/Bipedal-URDF/Gazebo Humble/install/gazebo_prep/local/lib/python3.10/dist-packages/gazebo_prep-1.0.0-py3.10.egg-info/top_level.txt
[0.569s] -- Up-to-date symlink: /home/coooper/Documents/biped/Bipedal-URDF/Gazebo Humble/install/gazebo_prep/local/lib/python3.10/dist-packages/gazebo_prep/__init__.py
[0.569s] -- Up-to-date symlink: /home/coooper/Documents/biped/Bipedal-URDF/Gazebo Humble/install/gazebo_prep/local/lib/python3.10/dist-packages/gazebo_prep/rc_teleop.py
[0.569s] -- Up-to-date symlink: /home/coooper/Documents/biped/Bipedal-URDF/Gazebo Humble/install/gazebo_prep/local/lib/python3.10/dist-packages/gazebo_prep/standing_mode.py
[0.569s] -- Up-to-date symlink: /home/coooper/Documents/biped/Bipedal-URDF/Gazebo Humble/install/gazebo_prep/local/lib/python3.10/dist-packages/gazebo_prep/wireless_gui_bridge.py
[0.570s] -- Up-to-date symlink: /home/coooper/Documents/biped/Bipedal-URDF/Gazebo Humble/install/gazebo_prep/lib/gazebo_prep/standing_mode
[0.570s] -- Up-to-date symlink: /home/coooper/Documents/biped/Bipedal-URDF/Gazebo Humble/install/gazebo_prep/lib/gazebo_prep/rc_teleop
[0.570s] -- Up-to-date symlink: /home/coooper/Documents/biped/Bipedal-URDF/Gazebo Humble/install/gazebo_prep/lib/gazebo_prep/wireless_gui_bridge
[0.570s] -- Up-to-date symlink: /home/coooper/Documents/biped/Bipedal-URDF/Gazebo Humble/install/gazebo_prep/share/gazebo_prep/urdf/assembly.urdf.xacro
[0.570s] -- Up-to-date symlink: /home/coooper/Documents/biped/Bipedal-URDF/Gazebo Humble/install/gazebo_prep/share/gazebo_prep/urdf/assembly_gazebo.xacro
[0.570s] -- Up-to-date symlink: /home/coooper/Documents/biped/Bipedal-URDF/Gazebo Humble/install/gazebo_prep/share/gazebo_prep/urdf/assembly_ros2_control.xacro
[0.570s] -- Up-to-date symlink: /home/coooper/Documents/biped/Bipedal-URDF/Gazebo Humble/install/gazebo_prep/share/gazebo_prep/meshes/left_femur_front.stl
[0.570s] -- Up-to-date symlink: /home/coooper/Documents/biped/Bipedal-URDF/Gazebo Humble/install/gazebo_prep/share/gazebo_prep/meshes/left_femur_rear.stl
[0.570s] -- Up-to-date symlink: /home/coooper/Documents/biped/Bipedal-URDF/Gazebo Humble/install/gazebo_prep/share/gazebo_prep/meshes/left_shank_front.stl
[0.570s] -- Up-to-date symlink: /home/coooper/Documents/biped/Bipedal-URDF/Gazebo Humble/install/gazebo_prep/share/gazebo_prep/meshes/left_shank_rear.stl
[0.570s] -- Up-to-date symlink: /home/coooper/Documents/biped/Bipedal-URDF/Gazebo Humble/install/gazebo_prep/share/gazebo_prep/meshes/pelvis.stl
[0.571s] -- Up-to-date symlink: /home/coooper/Documents/biped/Bipedal-URDF/Gazebo Humble/install/gazebo_prep/share/gazebo_prep/meshes/right_femur_front.stl
[0.571s] -- Up-to-date symlink: /home/coooper/Documents/biped/Bipedal-URDF/Gazebo Humble/install/gazebo_prep/share/gazebo_prep/meshes/right_femur_rear.stl
[0.571s] -- Up-to-date symlink: /home/coooper/Documents/biped/Bipedal-URDF/Gazebo Humble/install/gazebo_prep/share/gazebo_prep/meshes/right_shank_front.stl
[0.571s] -- Up-to-date symlink: /home/coooper/Documents/biped/Bipedal-URDF/Gazebo Humble/install/gazebo_prep/share/gazebo_prep/meshes/right_shank_rear.stl
[0.571s] -- Up-to-date symlink: /home/coooper/Documents/biped/Bipedal-URDF/Gazebo Humble/install/gazebo_prep/share/gazebo_prep/config/balance_params.yaml
[0.571s] -- Up-to-date symlink: /home/coooper/Documents/biped/Bipedal-URDF/Gazebo Humble/install/gazebo_prep/share/gazebo_prep/config/ros2_controllers.yaml
[0.571s] -- Up-to-date symlink: /home/coooper/Documents/biped/Bipedal-URDF/Gazebo Humble/install/gazebo_prep/share/gazebo_prep/worlds/balance_arena.sdf
[0.571s] -- Up-to-date symlink: /home/coooper/Documents/biped/Bipedal-URDF/Gazebo Humble/install/gazebo_prep/share/gazebo_prep/launch/simulation.launch.py
[0.571s] -- Up-to-date symlink: /home/coooper/Documents/biped/Bipedal-URDF/Gazebo Humble/install/gazebo_prep/share/ament_index/resource_index/package_run_dependencies/gazebo_prep
[0.571s] -- Up-to-date symlink: /home/coooper/Documents/biped/Bipedal-URDF/Gazebo Humble/install/gazebo_prep/share/ament_index/resource_index/parent_prefix_path/gazebo_prep
[0.572s] -- Up-to-date symlink: /home/coooper/Documents/biped/Bipedal-URDF/Gazebo Humble/install/gazebo_prep/share/gazebo_prep/environment/ament_prefix_path.sh
[0.572s] -- Up-to-date symlink: /home/coooper/Documents/biped/Bipedal-URDF/Gazebo Humble/install/gazebo_prep/share/gazebo_prep/environment/ament_prefix_path.dsv
[0.572s] -- Up-to-date symlink: /home/coooper/Documents/biped/Bipedal-URDF/Gazebo Humble/install/gazebo_prep/share/gazebo_prep/environment/path.sh
[0.572s] -- Up-to-date symlink: /home/coooper/Documents/biped/Bipedal-URDF/Gazebo Humble/install/gazebo_prep/share/gazebo_prep/environment/path.dsv
[0.572s] -- Up-to-date symlink: /home/coooper/Documents/biped/Bipedal-URDF/Gazebo Humble/install/gazebo_prep/share/gazebo_prep/local_setup.bash
[0.572s] -- Up-to-date symlink: /home/coooper/Documents/biped/Bipedal-URDF/Gazebo Humble/install/gazebo_prep/share/gazebo_prep/local_setup.sh
[0.572s] -- Up-to-date symlink: /home/coooper/Documents/biped/Bipedal-URDF/Gazebo Humble/install/gazebo_prep/share/gazebo_prep/local_setup.zsh
[0.572s] -- Up-to-date symlink: /home/coooper/Documents/biped/Bipedal-URDF/Gazebo Humble/install/gazebo_prep/share/gazebo_prep/local_setup.dsv
[0.572s] -- Symlinking: /home/coooper/Documents/biped/Bipedal-URDF/Gazebo Humble/install/gazebo_prep/share/gazebo_prep/package.dsv
[0.578s] -- Up-to-date symlink: /home/coooper/Documents/biped/Bipedal-URDF/Gazebo Humble/install/gazebo_prep/share/ament_index/resource_index/packages/gazebo_prep
[0.578s] -- Up-to-date symlink: /home/coooper/Documents/biped/Bipedal-URDF/Gazebo Humble/install/gazebo_prep/share/gazebo_prep/cmake/gazebo_prepConfig.cmake
[0.578s] -- Up-to-date symlink: /home/coooper/Documents/biped/Bipedal-URDF/Gazebo Humble/install/gazebo_prep/share/gazebo_prep/cmake/gazebo_prepConfig-version.cmake
[0.578s] -- Up-to-date symlink: /home/coooper/Documents/biped/Bipedal-URDF/Gazebo Humble/install/gazebo_prep/share/gazebo_prep/package.xml
[0.597s] Listing '/home/coooper/Documents/biped/Bipedal-URDF/Gazebo Humble/install/gazebo_prep/local/lib/python3.10/dist-packages/gazebo_prep'...
[0.603s] Invoked command in '/home/coooper/Documents/biped/Bipedal-URDF/Gazebo Humble/build/gazebo_prep' returned '0': CMAKE_PREFIX_PATH=/opt/ros/humble /usr/bin/cmake --install /home/coooper/Documents/biped/Bipedal-URDF/Gazebo Humble/build/gazebo_prep
