[0.059s] DEBUG:colcon:Command line arguments: ['/usr/bin/colcon', 'build']
[0.059s] DEBUG:colcon:Parsed command line arguments: Namespace(log_base=None, log_level=None, verb_name='build', build_base='build', install_base='install', merge_install=False, symlink_install=False, test_result_base=None, continue_on_error=False, executor='parallel', parallel_workers=32, event_handlers=None, ignore_user_meta=False, metas=['./colcon.meta'], base_paths=['.'], packages_ignore=None, packages_ignore_regex=None, paths=None, packages_up_to=None, packages_up_to_regex=None, packages_above=None, packages_above_and_dependencies=None, packages_above_depth=None, packages_select_by_dep=None, packages_skip_by_dep=None, packages_skip_up_to=None, packages_select_build_failed=False, packages_skip_build_finished=False, packages_select_test_failures=False, packages_skip_test_passed=False, packages_select=None, packages_skip=None, packages_select_regex=None, packages_skip_regex=None, packages_start=None, packages_end=None, allow_overriding=[], cmake_args=None, cmake_target=None, cmake_target_skip_unavailable=False, cmake_clean_cache=False, cmake_clean_first=False, cmake_force_configure=False, ament_cmake_args=None, catkin_cmake_args=None, catkin_skip_building_tests=False, mixin_files=None, mixin=None, verb_parser=<colcon_mixin.mixin.mixin_argument.MixinArgumentDecorator object at 0x77e43af5df90>, verb_extension=<colcon_core.verb.build.BuildVerb object at 0x77e43b057220>, main=<bound method BuildVerb.main of <colcon_core.verb.build.BuildVerb object at 0x77e43b057220>>, mixin_verb=('build',))
[0.120s] Level 1:colcon.colcon_core.package_discovery:discover_packages(colcon_meta) check parameters
[0.120s] Level 1:colcon.colcon_core.package_discovery:discover_packages(recursive) check parameters
[0.120s] Level 1:colcon.colcon_core.package_discovery:discover_packages(ignore) check parameters
[0.120s] Level 1:colcon.colcon_core.package_discovery:discover_packages(path) check parameters
[0.120s] Level 1:colcon.colcon_core.package_discovery:discover_packages(colcon_meta) discover
[0.120s] Level 1:colcon.colcon_core.package_discovery:discover_packages(recursive) discover
[0.120s] INFO:colcon.colcon_core.package_discovery:Crawling recursively for packages in '/home/coooper/Documents/biped/Bipedal-URDF/URDF development/URDF RViz ws'
[0.120s] Level 1:colcon.colcon_core.package_identification:_identify(.) by extensions ['ignore', 'ignore_ament_install']
[0.120s] Level 1:colcon.colcon_core.package_identification:_identify(.) by extension 'ignore'
[0.120s] Level 1:colcon.colcon_core.package_identification:_identify(.) by extension 'ignore_ament_install'
[0.120s] Level 1:colcon.colcon_core.package_identification:_identify(.) by extensions ['colcon_pkg']
[0.120s] Level 1:colcon.colcon_core.package_identification:_identify(.) by extension 'colcon_pkg'
[0.120s] Level 1:colcon.colcon_core.package_identification:_identify(.) by extensions ['colcon_meta']
[0.120s] Level 1:colcon.colcon_core.package_identification:_identify(.) by extension 'colcon_meta'
[0.120s] Level 1:colcon.colcon_core.package_identification:_identify(.) by extensions ['ros']
[0.120s] Level 1:colcon.colcon_core.package_identification:_identify(.) by extension 'ros'
[0.125s] Level 1:colcon.colcon_core.package_identification:_identify(.) by extensions ['cmake', 'python']
[0.125s] Level 1:colcon.colcon_core.package_identification:_identify(.) by extension 'cmake'
[0.125s] Level 1:colcon.colcon_core.package_identification:_identify(.) by extension 'python'
[0.125s] Level 1:colcon.colcon_core.package_identification:_identify(.) by extensions ['python_setup_py']
[0.125s] Level 1:colcon.colcon_core.package_identification:_identify(.) by extension 'python_setup_py'
[0.125s] Level 1:colcon.colcon_core.package_identification:_identify(build) by extensions ['ignore', 'ignore_ament_install']
[0.125s] Level 1:colcon.colcon_core.package_identification:_identify(build) by extension 'ignore'
[0.125s] Level 1:colcon.colcon_core.package_identification:_identify(build) ignored
[0.125s] Level 1:colcon.colcon_core.package_identification:_identify(install) by extensions ['ignore', 'ignore_ament_install']
[0.125s] Level 1:colcon.colcon_core.package_identification:_identify(install) by extension 'ignore'
[0.125s] Level 1:colcon.colcon_core.package_identification:_identify(install) ignored
[0.125s] Level 1:colcon.colcon_core.package_identification:_identify(log) by extensions ['ignore', 'ignore_ament_install']
[0.125s] Level 1:colcon.colcon_core.package_identification:_identify(log) by extension 'ignore'
[0.125s] Level 1:colcon.colcon_core.package_identification:_identify(log) ignored
[0.125s] Level 1:colcon.colcon_core.package_identification:_identify(src) by extensions ['ignore', 'ignore_ament_install']
[0.125s] Level 1:colcon.colcon_core.package_identification:_identify(src) by extension 'ignore'
[0.125s] Level 1:colcon.colcon_core.package_identification:_identify(src) by extension 'ignore_ament_install'
[0.126s] Level 1:colcon.colcon_core.package_identification:_identify(src) by extensions ['colcon_pkg']
[0.126s] Level 1:colcon.colcon_core.package_identification:_identify(src) by extension 'colcon_pkg'
[0.126s] Level 1:colcon.colcon_core.package_identification:_identify(src) by extensions ['colcon_meta']
[0.126s] Level 1:colcon.colcon_core.package_identification:_identify(src) by extension 'colcon_meta'
[0.126s] Level 1:colcon.colcon_core.package_identification:_identify(src) by extensions ['ros']
[0.126s] Level 1:colcon.colcon_core.package_identification:_identify(src) by extension 'ros'
[0.126s] Level 1:colcon.colcon_core.package_identification:_identify(src) by extensions ['cmake', 'python']
[0.126s] Level 1:colcon.colcon_core.package_identification:_identify(src) by extension 'cmake'
[0.126s] Level 1:colcon.colcon_core.package_identification:_identify(src) by extension 'python'
[0.126s] Level 1:colcon.colcon_core.package_identification:_identify(src) by extensions ['python_setup_py']
[0.126s] Level 1:colcon.colcon_core.package_identification:_identify(src) by extension 'python_setup_py'
[0.126s] Level 1:colcon.colcon_core.package_identification:_identify(src/rviz_launch_suite) by extensions ['ignore', 'ignore_ament_install']
[0.126s] Level 1:colcon.colcon_core.package_identification:_identify(src/rviz_launch_suite) by extension 'ignore'
[0.126s] Level 1:colcon.colcon_core.package_identification:_identify(src/rviz_launch_suite) by extension 'ignore_ament_install'
[0.126s] Level 1:colcon.colcon_core.package_identification:_identify(src/rviz_launch_suite) by extensions ['colcon_pkg']
[0.126s] Level 1:colcon.colcon_core.package_identification:_identify(src/rviz_launch_suite) by extension 'colcon_pkg'
[0.126s] Level 1:colcon.colcon_core.package_identification:_identify(src/rviz_launch_suite) by extensions ['colcon_meta']
[0.126s] Level 1:colcon.colcon_core.package_identification:_identify(src/rviz_launch_suite) by extension 'colcon_meta'
[0.126s] Level 1:colcon.colcon_core.package_identification:_identify(src/rviz_launch_suite) by extensions ['ros']
[0.126s] Level 1:colcon.colcon_core.package_identification:_identify(src/rviz_launch_suite) by extension 'ros'
[0.127s] DEBUG:colcon.colcon_core.package_identification:Package 'src/rviz_launch_suite' with type 'ros.ament_python' and name 'biped_rviz_launch_suite'
[0.127s] Level 1:colcon.colcon_core.package_discovery:discover_packages(recursive) using defaults
[0.127s] Level 1:colcon.colcon_core.package_discovery:discover_packages(ignore) discover
[0.127s] Level 1:colcon.colcon_core.package_discovery:discover_packages(ignore) using defaults
[0.127s] Level 1:colcon.colcon_core.package_discovery:discover_packages(path) discover
[0.127s] Level 1:colcon.colcon_core.package_discovery:discover_packages(path) using defaults
[0.141s] Level 1:colcon.colcon_core.package_discovery:discover_packages(prefix_path) check parameters
[0.141s] Level 1:colcon.colcon_core.package_discovery:discover_packages(prefix_path) discover
[0.143s] DEBUG:colcon.colcon_installed_package_information.package_discovery:Found 309 installed packages in /opt/ros/humble
[0.143s] Level 1:colcon.colcon_core.package_discovery:discover_packages(prefix_path) using defaults
[0.159s] Level 5:colcon.colcon_core.verb:set package 'biped_rviz_launch_suite' build argument 'cmake_args' from command line to 'None'
[0.159s] Level 5:colcon.colcon_core.verb:set package 'biped_rviz_launch_suite' build argument 'cmake_target' from command line to 'None'
[0.159s] Level 5:colcon.colcon_core.verb:set package 'biped_rviz_launch_suite' build argument 'cmake_target_skip_unavailable' from command line to 'False'
[0.159s] Level 5:colcon.colcon_core.verb:set package 'biped_rviz_launch_suite' build argument 'cmake_clean_cache' from command line to 'False'
[0.160s] Level 5:colcon.colcon_core.verb:set package 'biped_rviz_launch_suite' build argument 'cmake_clean_first' from command line to 'False'
[0.160s] Level 5:colcon.colcon_core.verb:set package 'biped_rviz_launch_suite' build argument 'cmake_force_configure' from command line to 'False'
[0.160s] Level 5:colcon.colcon_core.verb:set package 'biped_rviz_launch_suite' build argument 'ament_cmake_args' from command line to 'None'
[0.160s] Level 5:colcon.colcon_core.verb:set package 'biped_rviz_launch_suite' build argument 'catkin_cmake_args' from command line to 'None'
[0.160s] Level 5:colcon.colcon_core.verb:set package 'biped_rviz_launch_suite' build argument 'catkin_skip_building_tests' from command line to 'False'
[0.160s] DEBUG:colcon.colcon_core.verb:Building package 'biped_rviz_launch_suite' with the following arguments: {'ament_cmake_args': None, 'build_base': '/home/coooper/Documents/biped/Bipedal-URDF/URDF development/URDF RViz ws/build/biped_rviz_launch_suite', 'catkin_cmake_args': None, 'catkin_skip_building_tests': False, 'cmake_args': None, 'cmake_clean_cache': False, 'cmake_clean_first': False, 'cmake_force_configure': False, 'cmake_target': None, 'cmake_target_skip_unavailable': False, 'install_base': '/home/coooper/Documents/biped/Bipedal-URDF/URDF development/URDF RViz ws/install/biped_rviz_launch_suite', 'merge_install': False, 'path': '/home/coooper/Documents/biped/Bipedal-URDF/URDF development/URDF RViz ws/src/rviz_launch_suite', 'symlink_install': False, 'test_result_base': None}
[0.160s] INFO:colcon.colcon_core.executor:Executing jobs using 'parallel' executor
[0.160s] DEBUG:colcon.colcon_parallel_executor.executor.parallel:run_until_complete
[0.160s] INFO:colcon.colcon_ros.task.ament_python.build:Building ROS package in '/home/coooper/Documents/biped/Bipedal-URDF/URDF development/URDF RViz ws/src/rviz_launch_suite' with build type 'ament_python'
[0.160s] Level 1:colcon.colcon_core.shell:create_environment_hook('biped_rviz_launch_suite', 'ament_prefix_path')
[0.162s] INFO:colcon.colcon_core.plugin_system:Skipping extension 'colcon_core.shell.bat': Not used on non-Windows systems
[0.162s] INFO:colcon.colcon_core.shell:Creating environment hook '/home/coooper/Documents/biped/Bipedal-URDF/URDF development/URDF RViz ws/install/biped_rviz_launch_suite/share/biped_rviz_launch_suite/hook/ament_prefix_path.ps1'
[0.163s] INFO:colcon.colcon_core.shell:Creating environment descriptor '/home/coooper/Documents/biped/Bipedal-URDF/URDF development/URDF RViz ws/install/biped_rviz_launch_suite/share/biped_rviz_launch_suite/hook/ament_prefix_path.dsv'
[0.163s] INFO:colcon.colcon_core.shell:Creating environment hook '/home/coooper/Documents/biped/Bipedal-URDF/URDF development/URDF RViz ws/install/biped_rviz_launch_suite/share/biped_rviz_launch_suite/hook/ament_prefix_path.sh'
[0.163s] INFO:colcon.colcon_core.shell:Skip shell extension 'powershell' for command environment: Not usable outside of PowerShell
[0.163s] DEBUG:colcon.colcon_core.shell:Skip shell extension 'dsv' for command environment
[0.263s] INFO:colcon.colcon_core.task.python.build:Building Python package in '/home/coooper/Documents/biped/Bipedal-URDF/URDF development/URDF RViz ws/src/rviz_launch_suite'
[0.263s] INFO:colcon.colcon_core.shell:Skip shell extension 'powershell' for command environment: Not usable outside of PowerShell
[0.263s] DEBUG:colcon.colcon_core.shell:Skip shell extension 'dsv' for command environment
[0.453s] DEBUG:colcon.colcon_core.task.python.build:Available setuptools commands: build_ext, build, bdist_dumb, init_catalog, saveopts, install_data, check, install_scripts, easy_install, rotate, develop, upload_docs, update_catalog, install_headers, alias, install_lib, install, install_egg_info, upload, compile_catalog, bdist_rpm, extract_messages, clean, dist_info, symlink_data, register, bdist_egg, build_py, bdist_wheel, egg_info, build_clib, sdist, test, setopt, build_scripts, bdist
[0.455s] DEBUG:colcon.colcon_core.event_handler.log_command:Invoking command in '/home/coooper/Documents/biped/Bipedal-URDF/URDF development/URDF RViz ws/src/rviz_launch_suite': PYTHONPATH=/home/coooper/Documents/biped/Bipedal-URDF/URDF development/URDF RViz ws/build/biped_rviz_launch_suite/prefix_override:/usr/lib/python3/dist-packages/colcon_core/task/python/colcon_distutils_commands:/home/coooper/Documents/biped/Bipedal-URDF/URDF development/URDF RViz ws/install/biped_rviz_launch_suite/lib/python3.10/site-packages:${PYTHONPATH} /usr/bin/python3 -W ignore:setup.py install is deprecated -W ignore:easy_install command is deprecated setup.py egg_info --egg-base ../../build/biped_rviz_launch_suite build --build-base /home/coooper/Documents/biped/Bipedal-URDF/URDF development/URDF RViz ws/build/biped_rviz_launch_suite/build install --record /home/coooper/Documents/biped/Bipedal-URDF/URDF development/URDF RViz ws/build/biped_rviz_launch_suite/install.log --install-scripts $base/lib/biped_rviz_launch_suite --single-version-externally-managed install_data
[0.553s] DEBUG:colcon.colcon_core.event_handler.log_command:Invoked command in '/home/coooper/Documents/biped/Bipedal-URDF/URDF development/URDF RViz ws/src/rviz_launch_suite' returned '1': PYTHONPATH=/home/coooper/Documents/biped/Bipedal-URDF/URDF development/URDF RViz ws/build/biped_rviz_launch_suite/prefix_override:/usr/lib/python3/dist-packages/colcon_core/task/python/colcon_distutils_commands:/home/coooper/Documents/biped/Bipedal-URDF/URDF development/URDF RViz ws/install/biped_rviz_launch_suite/lib/python3.10/site-packages:${PYTHONPATH} /usr/bin/python3 -W ignore:setup.py install is deprecated -W ignore:easy_install command is deprecated setup.py egg_info --egg-base ../../build/biped_rviz_launch_suite build --build-base /home/coooper/Documents/biped/Bipedal-URDF/URDF development/URDF RViz ws/build/biped_rviz_launch_suite/build install --record /home/coooper/Documents/biped/Bipedal-URDF/URDF development/URDF RViz ws/build/biped_rviz_launch_suite/install.log --install-scripts $base/lib/biped_rviz_launch_suite --single-version-externally-managed install_data
[0.563s] DEBUG:colcon.colcon_parallel_executor.executor.parallel:closing loop
[0.563s] DEBUG:colcon.colcon_parallel_executor.executor.parallel:loop closed
[0.563s] DEBUG:colcon.colcon_parallel_executor.executor.parallel:run_until_complete finished with '1'
[0.563s] DEBUG:colcon.colcon_core.event_reactor:joining thread
[0.566s] INFO:colcon.colcon_core.plugin_system:Skipping extension 'colcon_notification.desktop_notification.terminal_notifier': Not used on non-Darwin systems
[0.566s] INFO:colcon.colcon_core.plugin_system:Skipping extension 'colcon_notification.desktop_notification.win32': Not used on non-Windows systems
[0.566s] INFO:colcon.colcon_notification.desktop_notification:Sending desktop notification using 'notify2'
[0.573s] DEBUG:colcon.colcon_core.event_reactor:joined thread
[0.573s] INFO:colcon.colcon_core.shell:Creating prefix script '/home/coooper/Documents/biped/Bipedal-URDF/URDF development/URDF RViz ws/install/local_setup.ps1'
[0.574s] INFO:colcon.colcon_core.shell:Creating prefix util module '/home/coooper/Documents/biped/Bipedal-URDF/URDF development/URDF RViz ws/install/_local_setup_util_ps1.py'
[0.575s] INFO:colcon.colcon_core.shell:Creating prefix chain script '/home/coooper/Documents/biped/Bipedal-URDF/URDF development/URDF RViz ws/install/setup.ps1'
[0.575s] INFO:colcon.colcon_core.shell:Creating prefix script '/home/coooper/Documents/biped/Bipedal-URDF/URDF development/URDF RViz ws/install/local_setup.sh'
[0.576s] INFO:colcon.colcon_core.shell:Creating prefix util module '/home/coooper/Documents/biped/Bipedal-URDF/URDF development/URDF RViz ws/install/_local_setup_util_sh.py'
[0.576s] INFO:colcon.colcon_core.shell:Creating prefix chain script '/home/coooper/Documents/biped/Bipedal-URDF/URDF development/URDF RViz ws/install/setup.sh'
[0.576s] INFO:colcon.colcon_core.shell:Creating prefix script '/home/coooper/Documents/biped/Bipedal-URDF/URDF development/URDF RViz ws/install/local_setup.bash'
[0.577s] INFO:colcon.colcon_core.shell:Creating prefix chain script '/home/coooper/Documents/biped/Bipedal-URDF/URDF development/URDF RViz ws/install/setup.bash'
[0.577s] INFO:colcon.colcon_core.shell:Creating prefix script '/home/coooper/Documents/biped/Bipedal-URDF/URDF development/URDF RViz ws/install/local_setup.zsh'
[0.578s] INFO:colcon.colcon_core.shell:Creating prefix chain script '/home/coooper/Documents/biped/Bipedal-URDF/URDF development/URDF RViz ws/install/setup.zsh'
